Component: ARM Compiler 5.05 update 1 (build 106) Tool: armlink [4d0efa]

==============================================================================

Section Cross References

    startup_stm32f103xb.o(RESET) refers to startup_stm32f103xb.o(STACK) for __initial_sp
    startup_stm32f103xb.o(RESET) refers to startup_stm32f103xb.o(.text) for Reset_Handler
    startup_stm32f103xb.o(RESET) refers to stm32f1xx_it.o(i.NMI_Handler) for NMI_Handler
    startup_stm32f103xb.o(RESET) refers to stm32f1xx_it.o(i.HardFault_Handler) for HardFault_Handler
    startup_stm32f103xb.o(RESET) refers to stm32f1xx_it.o(i.MemManage_Handler) for MemManage_Handler
    startup_stm32f103xb.o(RESET) refers to stm32f1xx_it.o(i.BusFault_Handler) for BusFault_Handler
    startup_stm32f103xb.o(RESET) refers to stm32f1xx_it.o(i.UsageFault_Handler) for UsageFault_Handler
    startup_stm32f103xb.o(RESET) refers to stm32f1xx_it.o(i.SVC_Handler) for SVC_Handler
    startup_stm32f103xb.o(RESET) refers to stm32f1xx_it.o(i.DebugMon_Handler) for DebugMon_Handler
    startup_stm32f103xb.o(RESET) refers to stm32f1xx_it.o(i.PendSV_Handler) for PendSV_Handler
    startup_stm32f103xb.o(RESET) refers to systick.o(i.SysTick_Handler) for SysTick_Handler
    startup_stm32f103xb.o(RESET) refers to usart.o(i.USART1_IRQHandler) for USART1_IRQHandler
    startup_stm32f103xb.o(RESET) refers to usart.o(i.USART2_IRQHandler) for USART2_IRQHandler
    startup_stm32f103xb.o(RESET) refers to usart.o(i.USART3_IRQHandler) for USART3_IRQHandler
    startup_stm32f103xb.o(.text) refers to system_stm32f1xx.o(i.SystemInit) for SystemInit
    startup_stm32f103xb.o(.text) refers to entry.o(.ARM.Collect$$$$00000000) for __main
    stm32f1xx_it.o(i.HardFault_Handler) refers to stm32_system.o(i.Sys_Soft_Reset) for Sys_Soft_Reset
    system_stm32f1xx.o(i.SystemCoreClockUpdate) refers to system_stm32f1xx.o(.data) for SystemCoreClock
    system_stm32f1xx.o(i.SystemCoreClockUpdate) refers to system_stm32f1xx.o(.constdata) for AHBPrescTable
    stm32f1xx_hal.o(i.HAL_DeInit) refers to stm32f1xx_hal.o(i.HAL_MspDeInit) for HAL_MspDeInit
    stm32f1xx_hal.o(i.HAL_Delay) refers to stm32f1xx_hal.o(i.HAL_GetTick) for HAL_GetTick
    stm32f1xx_hal.o(i.HAL_Delay) refers to stm32f1xx_hal.o(.data) for uwTickFreq
    stm32f1xx_hal.o(i.HAL_GetTick) refers to stm32f1xx_hal.o(.data) for uwTick
    stm32f1xx_hal.o(i.HAL_GetTickFreq) refers to stm32f1xx_hal.o(.data) for uwTickFreq
    stm32f1xx_hal.o(i.HAL_GetTickPrio) refers to stm32f1xx_hal.o(.data) for uwTickPrio
    stm32f1xx_hal.o(i.HAL_IncTick) refers to stm32f1xx_hal.o(.data) for uwTick
    stm32f1xx_hal.o(i.HAL_Init) refers to stm32f1xx_hal_cortex.o(i.HAL_NVIC_SetPriorityGrouping) for HAL_NVIC_SetPriorityGrouping
    stm32f1xx_hal.o(i.HAL_Init) refers to stm32f1xx_hal.o(i.HAL_InitTick) for HAL_InitTick
    stm32f1xx_hal.o(i.HAL_Init) refers to stm32f1xx_hal.o(i.HAL_MspInit) for HAL_MspInit
    stm32f1xx_hal.o(i.HAL_InitTick) refers to stm32f1xx_hal_cortex.o(i.HAL_SYSTICK_Config) for HAL_SYSTICK_Config
    stm32f1xx_hal.o(i.HAL_InitTick) refers to stm32f1xx_hal_cortex.o(i.HAL_NVIC_SetPriority) for HAL_NVIC_SetPriority
    stm32f1xx_hal.o(i.HAL_InitTick) refers to stm32f1xx_hal.o(.data) for uwTickFreq
    stm32f1xx_hal.o(i.HAL_InitTick) refers to system_stm32f1xx.o(.data) for SystemCoreClock
    stm32f1xx_hal.o(i.HAL_SetTickFreq) refers to stm32f1xx_hal.o(i.HAL_InitTick) for HAL_InitTick
    stm32f1xx_hal.o(i.HAL_SetTickFreq) refers to stm32f1xx_hal.o(.data) for uwTickFreq
    stm32f1xx_hal_adc.o(i.ADC_ConversionStop_Disable) refers to stm32f1xx_hal.o(i.HAL_GetTick) for HAL_GetTick
    stm32f1xx_hal_adc.o(i.ADC_DMAConvCplt) refers to stm32f1xx_hal_adc.o(i.HAL_ADC_ConvCpltCallback) for HAL_ADC_ConvCpltCallback
    stm32f1xx_hal_adc.o(i.ADC_DMAError) refers to stm32f1xx_hal_adc.o(i.HAL_ADC_ErrorCallback) for HAL_ADC_ErrorCallback
    stm32f1xx_hal_adc.o(i.ADC_DMAHalfConvCplt) refers to stm32f1xx_hal_adc.o(i.HAL_ADC_ConvHalfCpltCallback) for HAL_ADC_ConvHalfCpltCallback
    stm32f1xx_hal_adc.o(i.ADC_Enable) refers to stm32f1xx_hal.o(i.HAL_GetTick) for HAL_GetTick
    stm32f1xx_hal_adc.o(i.ADC_Enable) refers to system_stm32f1xx.o(.data) for SystemCoreClock
    stm32f1xx_hal_adc.o(i.HAL_ADC_ConfigChannel) refers to system_stm32f1xx.o(.data) for SystemCoreClock
    stm32f1xx_hal_adc.o(i.HAL_ADC_DeInit) refers to stm32f1xx_hal_adc.o(i.ADC_ConversionStop_Disable) for ADC_ConversionStop_Disable
    stm32f1xx_hal_adc.o(i.HAL_ADC_DeInit) refers to stm32f1xx_hal_adc.o(i.HAL_ADC_MspDeInit) for HAL_ADC_MspDeInit
    stm32f1xx_hal_adc.o(i.HAL_ADC_IRQHandler) refers to stm32f1xx_hal_adc.o(i.HAL_ADC_ConvCpltCallback) for HAL_ADC_ConvCpltCallback
    stm32f1xx_hal_adc.o(i.HAL_ADC_IRQHandler) refers to stm32f1xx_hal_adc_ex.o(i.HAL_ADCEx_InjectedConvCpltCallback) for HAL_ADCEx_InjectedConvCpltCallback
    stm32f1xx_hal_adc.o(i.HAL_ADC_IRQHandler) refers to stm32f1xx_hal_adc.o(i.HAL_ADC_LevelOutOfWindowCallback) for HAL_ADC_LevelOutOfWindowCallback
[...]

748 unused section(s) (total 78522 bytes) removed from the image.

==============================================================================

Image Symbol Table

    Local Symbols

    Symbol Name                              Value     Ov Type        Size  Object(Section)

    ../clib/microlib/division.c              0x00000000   Number         0  uldiv.o ABSOLUTE
    ../clib/microlib/division.c              0x00000000   Number         0  uidiv.o ABSOLUTE
    ../clib/microlib/init/entry.s            0x00000000   Number         0  entry7b.o ABSOLUTE
    ../clib/microlib/init/entry.s            0x00000000   Number         0  entry7a.o ABSOLUTE
    ../clib/microlib/init/entry.s            0x00000000   Number         0  entry5.o ABSOLUTE
    ../clib/microlib/init/entry.s            0x00000000   Number         0  entry11b.o ABSOLUTE
    ../clib/microlib/init/entry.s            0x00000000   Number         0  entry11a.o ABSOLUTE
    ../clib/microlib/init/entry.s            0x00000000   Number         0  entry10b.o ABSOLUTE
    ../clib/microlib/init/entry.s            0x00000000   Number         0  entry8b.o ABSOLUTE
    ../clib/microlib/init/entry.s            0x00000000   Number         0  entry10a.o ABSOLUTE
    ../clib/microlib/init/entry.s            0x00000000   Number         0  entry8a.o ABSOLUTE
    ../clib/microlib/init/entry.s            0x00000000   Number         0  entry.o ABSOLUTE
    ../clib/microlib/init/entry.s            0x00000000   Number         0  entry9b.o ABSOLUTE
    ../clib/microlib/init/entry.s            0x00000000   Number         0  entry2.o ABSOLUTE
    ../clib/microlib/init/entry.s            0x00000000   Number         0  entry9a.o ABSOLUTE
    ../clib/microlib/longlong.c              0x00000000   Number         0  llshl.o ABSOLUTE
    ../clib/microlib/longlong.c              0x00000000   Number         0  llushr.o ABSOLUTE
    ../clib/microlib/longlong.c              0x00000000   Number         0  llsshr.o ABSOLUTE
    ../clib/microlib/printf/printf.c         0x00000000   Number         0  printf8.o ABSOLUTE
    ../clib/microlib/printf/printf.c         0x00000000   Number         0  printfa.o ABSOLUTE
    ../clib/microlib/printf/printf.c         0x00000000   Number         0  printf3.o ABSOLUTE
    ../clib/microlib/printf/printf.c         0x00000000   Number         0  printf4.o ABSOLUTE
    ../clib/microlib/printf/printf.c         0x00000000   Number         0  printf5.o ABSOLUTE
    ../clib/microlib/printf/printf.c         0x00000000   Number         0  printf2.o ABSOLUTE
    ../clib/microlib/printf/printf.c         0x00000000   Number         0  printf1.o ABSOLUTE
    ../clib/microlib/printf/printf.c         0x00000000   Number         0  printf0.o ABSOLUTE
    ../clib/microlib/printf/printf.c         0x00000000   Number         0  printfb.o ABSOLUTE
    ../clib/microlib/printf/printf.c         0x00000000   Number         0  printf6.o ABSOLUTE
    ../clib/microlib/printf/printf.c         0x00000000   Number         0  printf7.o ABSOLUTE
    ../clib/microlib/printf/stubs.s          0x00000000   Number         0  stubs.o ABSOLUTE
    ../clib/microlib/stdio/streams.c         0x00000000   Number         0  stdout.o ABSOLUTE
    ../clib/microlib/string/memcpy.c         0x00000000   Number         0  memcpyb.o ABSOLUTE
    ../clib/microlib/string/memcpy.c         0x00000000   Number         0  memcpya.o ABSOLUTE
    ../clib/microlib/string/memset.c         0x00000000   Number         0  memseta.o ABSOLUTE
    ../clib/microlib/string/strcat.c         0x00000000   Number         0  strcat.o ABSOLUTE
    ../clib/microlib/string/strlen.c         0x00000000   Number         0  strlen.o ABSOLUTE
    ../clib/microlib/string/strstr.c         0x00000000   Number         0  strstr.o ABSOLUTE
    ../clib/microlib/stubs.s                 0x00000000   Number         0  iusefp.o ABSOLUTE
    ../fplib/microlib/f2d.c                  0x00000000   Number         0  f2d.o ABSOLUTE
    ../fplib/microlib/fpadd.c                0x00000000   Number         0  fadd.o ABSOLUTE
    ../fplib/microlib/fpadd.c                0x00000000   Number         0  dadd.o ABSOLUTE
    ../fplib/microlib/fpdiv.c                0x00000000   Number         0  ddiv.o ABSOLUTE
    ../fplib/microlib/fpdiv.c                0x00000000   Number         0  fdiv.o ABSOLUTE
    ../fplib/microlib/fpepilogue.c           0x00000000   Number         0  depilogue.o ABSOLUTE
    ../fplib/microlib/fpepilogue.c           0x00000000   Number         0  fepilogue.o ABSOLUTE
    ../fplib/microlib/fpfix.c                0x00000000   Number         0  dfixul.o ABSOLUTE
    ../fplib/microlib/fpfix.c                0x00000000   Number         0  ffixi.o ABSOLUTE
    ../fplib/microlib/fpflt.c                0x00000000   Number         0  ffltui.o ABSOLUTE
    ../fplib/microlib/fpmul.c                0x00000000   Number         0  dmul.o ABSOLUTE
    ..\BSP\DHT11\dht11.c                     0x00000000   Number         0  dht11.o ABSOLUTE
    ..\BSP\ESP8266\esp8266.c                 0x00000000   Number         0  esp8266.o ABSOLUTE
    ..\BSP\LED\led.c                         0x00000000   Number         0  led.o ABSOLUTE
    ..\BSP\SysTick\Systick.c                 0x00000000   Number         0  systick.o ABSOLUTE
    ..\BSP\Usart\Usart.c                     0x00000000   Number         0  usart.o ABSOLUTE
    ..\CMSIS\stm32f1xx_it.c                  0x00000000   Number         0  stm32f1xx_it.o ABSOLUTE
    ..\CMSIS\system_stm32f1xx.c              0x00000000   Number         0  system_stm32f1xx.o ABSOLUTE
    ..\HAL\HMAC\src\sha256.c                 0x00000000   Number         0  sha256.o ABSOLUTE
    ..\HAL\HMAC\src\utils_hmac.c             0x00000000   Number         0  utils_hmac.o ABSOLUTE
    ..\HAL\HMAC\src\utils_md5.c              0x00000000   Number         0  utils_md5.o ABSOLUTE
    ..\HAL\HMAC\src\utils_sha1.c             0x00000000   Number         0  utils_sha1.o ABSOLUTE
    ..\HAL\MQTT\mqtt.c                       0x00000000   Number         0  mqtt.o ABSOLUTE
    ..\HAL\Tencent\tencent_mqtt.c            0x00000000   Number         0  tencent_mqtt.o ABSOLUTE
    ..\STM32F1xx_HAL_Driver\Src\stm32f1xx_hal.c 0x00000000   Number         0  stm32f1xx_hal.o ABSOLUTE
    ..\STM32F1xx_HAL_Driver\Src\stm32f1xx_hal_adc.c 0x00000000   Number         0  stm32f1xx_hal_adc.o ABSOLUTE
    ..\STM32F1xx_HAL_Driver\Src\stm32f1xx_hal_adc_ex.c 0x00000000   Number         0  stm32f1xx_hal_adc_ex.o ABSOLUTE
    ..\STM32F1xx_HAL_Driver\Src\stm32f1xx_hal_can.c 0x00000000   Number         0  stm32f1xx_hal_can.o ABSOLUTE
    ..\STM32F1xx_HAL_Driver\Src\stm32f1xx_hal_cec.c 0x00000000   Number         0  stm32f1xx_hal_cec.o ABSOLUTE
    ..\STM32F1xx_HAL_Driver\Src\stm32f1xx_hal_cortex.c 0x00000000   Number         0  stm32f1xx_hal_cortex.o ABSOLUTE
    ..\STM32F1xx_HAL_Driver\Src\stm32f1xx_hal_crc.c 0x00000000   Number         0  stm32f1xx_hal_crc.o ABSOLUTE
    ..\STM32F1xx_HAL_Driver\Src\stm32f1xx_hal_dac.c 0x00000000   Number         0  stm32f1xx_hal_dac.o ABSOLUTE
    ..\STM32F1xx_HAL_Driver\Src\stm32f1xx_hal_dac_ex.c 0x00000000   Number         0  stm32f1xx_hal_dac_ex.o ABSOLUTE
    ..\STM32F1xx_HAL_Driver\Src\stm32f1xx_hal_dma.c 0x00000000   Number         0  stm32f1xx_hal_dma.o ABSOLUTE
    ..\STM32F1xx_HAL_Driver\Src\stm32f1xx_hal_eth.c 0x00000000   Number         0  stm32f1xx_hal_eth.o ABSOLUTE
    ..\STM32F1xx_HAL_Driver\Src\stm32f1xx_hal_exti.c 0x00000000   Number         0  stm32f1xx_hal_exti.o ABSOLUTE
    ..\STM32F1xx_HAL_Driver\Src\stm32f1xx_hal_flash.c 0x00000000   Number         0  stm32f1xx_hal_flash.o ABSOLUTE
    ..\STM32F1xx_HAL_Driver\Src\stm32f1xx_hal_flash_ex.c 0x00000000   Number         0  stm32f1xx_hal_flash_ex.o ABSOLUTE
    ..\STM32F1xx_HAL_Driver\Src\stm32f1xx_hal_gpio.c 0x00000000   Number         0  stm32f1xx_hal_gpio.o ABSOLUTE
    ..\STM32F1xx_HAL_Driver\Src\stm32f1xx_hal_gpio_ex.c 0x00000000   Number         0  stm32f1xx_hal_gpio_ex.o ABSOLUTE
    ..\STM32F1xx_HAL_Driver\Src\stm32f1xx_hal_hcd.c 0x00000000   Number         0  stm32f1xx_hal_hcd.o ABSOLUTE
    ..\STM32F1xx_HAL_Driver\Src\stm32f1xx_hal_i2c.c 0x00000000   Number         0  stm32f1xx_hal_i2c.o ABSOLUTE
    ..\STM32F1xx_HAL_Driver\Src\stm32f1xx_hal_i2s.c 0x00000000   Number         0  stm32f1xx_hal_i2s.o ABSOLUTE
    ..\STM32F1xx_HAL_Driver\Src\stm32f1xx_hal_irda.c 0x00000000   Number         0  stm32f1xx_hal_irda.o ABSOLUTE
    ..\STM32F1xx_HAL_Driver\Src\stm32f1xx_hal_iwdg.c 0x00000000   Number         0  stm32f1xx_hal_iwdg.o ABSOLUTE
    ..\STM32F1xx_HAL_Driver\Src\stm32f1xx_hal_mmc.c 0x00000000   Number         0  stm32f1xx_hal_mmc.o ABSOLUTE
    ..\STM32F1xx_HAL_Driver\Src\stm32f1xx_hal_nand.c 0x00000000   Number         0  stm32f1xx_hal_nand.o ABSOLUTE
    ..\STM32F1xx_HAL_Driver\Src\stm32f1xx_hal_nor.c 0x00000000   Number         0  stm32f1xx_hal_nor.o ABSOLUTE
    ..\STM32F1xx_HAL_Driver\Src\stm32f1xx_hal_pccard.c 0x00000000   Number         0  stm32f1xx_hal_pccard.o ABSOLUTE
    ..\STM32F1xx_HAL_Driver\Src\stm32f1xx_hal_pcd.c 0x00000000   Number         0  stm32f1xx_hal_pcd.o ABSOLUTE
    ..\STM32F1xx_HAL_Driver\Src\stm32f1xx_hal_pcd_ex.c 0x00000000   Number         0  stm32f1xx_hal_pcd_ex.o ABSOLUTE
    ..\STM32F1xx_HAL_Driver\Src\stm32f1xx_hal_pwr.c 0x00000000   Number         0  stm32f1xx_hal_pwr.o ABSOLUTE
    ..\STM32F1xx_HAL_Driver\Src\stm32f1xx_hal_rcc.c 0x00000000   Number         0  stm32f1xx_hal_rcc.o ABSOLUTE
    ..\STM32F1xx_HAL_Driver\Src\stm32f1xx_hal_rcc_ex.c 0x00000000   Number         0  stm32f1xx_hal_rcc_ex.o ABSOLUTE
    ..\STM32F1xx_HAL_Driver\Src\stm32f1xx_hal_rtc.c 0x00000000   Number         0  stm32f1xx_hal_rtc.o ABSOLUTE
    ..\STM32F1xx_HAL_Driver\Src\stm32f1xx_hal_rtc_ex.c 0x00000000   Number         0  stm32f1xx_hal_rtc_ex.o ABSOLUTE
    ..\STM32F1xx_HAL_Driver\Src\stm32f1xx_hal_sd.c 0x00000000   Number         0  stm32f1xx_hal_sd.o ABSOLUTE
    ..\STM32F1xx_HAL_Driver\Src\stm32f1xx_hal_smartcard.c 0x00000000   Number         0  stm32f1xx_hal_smartcard.o ABSOLUTE
    ..\STM32F1xx_HAL_Driver\Src\stm32f1xx_hal_spi.c 0x00000000   Number         0  stm32f1xx_hal_spi.o ABSOLUTE
    ..\STM32F1xx_HAL_Driver\Src\stm32f1xx_hal_sram.c 0x00000000   Number         0  stm32f1xx_hal_sram.o ABSOLUTE
    ..\STM32F1xx_HAL_Driver\Src\stm32f1xx_hal_tim.c 0x00000000   Number         0  stm32f1xx_hal_tim.o ABSOLUTE
    ..\STM32F1xx_HAL_Driver\Src\stm32f1xx_hal_tim_ex.c 0x00000000   Number         0  stm32f1xx_hal_tim_ex.o ABSOLUTE
    ..\STM32F1xx_HAL_Driver\Src\stm32f1xx_hal_uart.c 0x00000000   Number         0  stm32f1xx_hal_uart.o ABSOLUTE
    ..\STM32F1xx_HAL_Driver\Src\stm32f1xx_hal_usart.c 0x00000000   Number         0  stm32f1xx_hal_usart.o ABSOLUTE
    ..\STM32F1xx_HAL_Driver\Src\stm32f1xx_hal_wwdg.c 0x00000000   Number         0  stm32f1xx_hal_wwdg.o ABSOLUTE
    ..\STM32F1xx_HAL_Driver\Src\stm32f1xx_ll_adc.c 0x00000000   Number         0  stm32f1xx_ll_adc.o ABSOLUTE
    ..\STM32F1xx_HAL_Driver\Src\stm32f1xx_ll_crc.c 0x00000000   Number         0  stm32f1xx_ll_crc.o ABSOLUTE
    ..\STM32F1xx_HAL_Driver\Src\stm32f1xx_ll_dac.c 0x00000000   Number         0  stm32f1xx_ll_dac.o ABSOLUTE
    ..\STM32F1xx_HAL_Driver\Src\stm32f1xx_ll_dma.c 0x00000000   Number         0  stm32f1xx_ll_dma.o ABSOLUTE
    ..\STM32F1xx_HAL_Driver\Src\stm32f1xx_ll_exti.c 0x00000000   Number         0  stm32f1xx_ll_exti.o ABSOLUTE
    ..\STM32F1xx_HAL_Driver\Src\stm32f1xx_ll_fsmc.c 0x00000000   Number         0  stm32f1xx_ll_fsmc.o ABSOLUTE
    ..\STM32F1xx_HAL_Driver\Src\stm32f1xx_ll_gpio.c 0x00000000   Number         0  stm32f1xx_ll_gpio.o ABSOLUTE
    ..\STM32F1xx_HAL_Driver\Src\stm32f1xx_ll_i2c.c 0x00000000   Number         0  stm32f1xx_ll_i2c.o ABSOLUTE
    ..\STM32F1xx_HAL_Driver\Src\stm32f1xx_ll_pwr.c 0x00000000   Number         0  stm32f1xx_ll_pwr.o ABSOLUTE
    ..\STM32F1xx_HAL_Driver\Src\stm32f1xx_ll_rcc.c 0x00000000   Number         0  stm32f1xx_ll_rcc.o ABSOLUTE
    ..\STM32F1xx_HAL_Driver\Src\stm32f1xx_ll_rtc.c 0x00000000   Number         0  stm32f1xx_ll_rtc.o ABSOLUTE
    ..\STM32F1xx_HAL_Driver\Src\stm32f1xx_ll_sdmmc.c 0x00000000   Number         0  stm32f1xx_ll_sdmmc.o ABSOLUTE
    ..\STM32F1xx_HAL_Driver\Src\stm32f1xx_ll_spi.c 0x00000000   Number         0  stm32f1xx_ll_spi.o ABSOLUTE
    ..\STM32F1xx_HAL_Driver\Src\stm32f1xx_ll_tim.c 0x00000000   Number         0  stm32f1xx_ll_tim.o ABSOLUTE
    ..\STM32F1xx_HAL_Driver\Src\stm32f1xx_ll_usart.c 0x00000000   Number         0  stm32f1xx_ll_usart.o ABSOLUTE
    ..\STM32F1xx_HAL_Driver\Src\stm32f1xx_ll_usb.c 0x00000000   Number         0  stm32f1xx_ll_usb.o ABSOLUTE
    ..\STM32F1xx_HAL_Driver\Src\stm32f1xx_ll_utils.c 0x00000000   Number         0  stm32f1xx_ll_utils.o ABSOLUTE
    ..\System\delay\delay.c                  0x00000000   Number         0  delay.o ABSOLUTE
    ..\System\sys\stm32_system.c             0x00000000   Number         0  stm32_system.o ABSOLUTE
    ..\User\main.c                           0x00000000   Number         0  main.o ABSOLUTE
    ..\\BSP\\DHT11\\dht11.c                  0x00000000   Number         0  dht11.o ABSOLUTE
    ..\\BSP\\ESP8266\\esp8266.c              0x00000000   Number         0  esp8266.o ABSOLUTE
    ..\\BSP\\LED\\led.c                      0x00000000   Number         0  led.o ABSOLUTE
    ..\\BSP\\SysTick\\Systick.c              0x00000000   Number         0  systick.o ABSOLUTE
    ..\\BSP\\Usart\\Usart.c                  0x00000000   Number         0  usart.o ABSOLUTE
    ..\\CMSIS\\system_stm32f1xx.c            0x00000000   Number         0  system_stm32f1xx.o ABSOLUTE
    ..\\HAL\\MQTT\\mqtt.c                    0x00000000   Number         0  mqtt.o ABSOLUTE
    ..\\HAL\\Tencent\\tencent_mqtt.c         0x00000000   Number         0  tencent_mqtt.o ABSOLUTE
    ..\\STM32F1xx_HAL_Driver\\Src\\stm32f1xx_hal.c 0x00000000   Number         0  stm32f1xx_hal.o ABSOLUTE
    ..\\STM32F1xx_HAL_Driver\\Src\\stm32f1xx_hal_adc.c 0x00000000   Number         0  stm32f1xx_hal_adc.o ABSOLUTE
    ..\\STM32F1xx_HAL_Driver\\Src\\stm32f1xx_hal_adc_ex.c 0x00000000   Number         0  stm32f1xx_hal_adc_ex.o ABSOLUTE
    ..\\STM32F1xx_HAL_Driver\\Src\\stm32f1xx_hal_can.c 0x00000000   Number         0  stm32f1xx_hal_can.o ABSOLUTE
    ..\\STM32F1xx_HAL_Driver\\Src\\stm32f1xx_hal_cec.c 0x00000000   Number         0  stm32f1xx_hal_cec.o ABSOLUTE
    ..\\STM32F1xx_HAL_Driver\\Src\\stm32f1xx_hal_cortex.c 0x00000000   Number         0  stm32f1xx_hal_cortex.o ABSOLUTE
    ..\\STM32F1xx_HAL_Driver\\Src\\stm32f1xx_hal_crc.c 0x00000000   Number         0  stm32f1xx_hal_crc.o ABSOLUTE
    ..\\STM32F1xx_HAL_Driver\\Src\\stm32f1xx_hal_dac.c 0x00000000   Number         0  stm32f1xx_hal_dac.o ABSOLUTE
    ..\\STM32F1xx_HAL_Driver\\Src\\stm32f1xx_hal_dac_ex.c 0x00000000   Number         0  stm32f1xx_hal_dac_ex.o ABSOLUTE
    ..\\STM32F1xx_HAL_Driver\\Src\\stm32f1xx_hal_dma.c 0x00000000   Number         0  stm32f1xx_hal_dma.o ABSOLUTE
    ..\\STM32F1xx_HAL_Driver\\Src\\stm32f1xx_hal_eth.c 0x00000000   Number         0  stm32f1xx_hal_eth.o ABSOLUTE
    ..\\STM32F1xx_HAL_Driver\\Src\\stm32f1xx_hal_exti.c 0x00000000   Number         0  stm32f1xx_hal_exti.o ABSOLUTE
    ..\\STM32F1xx_HAL_Driver\\Src\\stm32f1xx_hal_flash.c 0x00000000   Number         0  stm32f1xx_hal_flash.o ABSOLUTE
    ..\\STM32F1xx_HAL_Driver\\Src\\stm32f1xx_hal_flash_ex.c 0x00000000   Number         0  stm32f1xx_hal_flash_ex.o ABSOLUTE
    ..\\STM32F1xx_HAL_Driver\\Src\\stm32f1xx_hal_gpio.c 0x00000000   Number         0  stm32f1xx_hal_gpio.o ABSOLUTE
    ..\\STM32F1xx_HAL_Driver\\Src\\stm32f1xx_hal_gpio_ex.c 0x00000000   Number         0  stm32f1xx_hal_gpio_ex.o ABSOLUTE
    ..\\STM32F1xx_HAL_Driver\\Src\\stm32f1xx_hal_hcd.c 0x00000000   Number         0  stm32f1xx_hal_hcd.o ABSOLUTE
    ..\\STM32F1xx_HAL_Driver\\Src\\stm32f1xx_hal_i2c.c 0x00000000   Number         0  stm32f1xx_hal_i2c.o ABSOLUTE
    ..\\STM32F1xx_HAL_Driver\\Src\\stm32f1xx_hal_i2s.c 0x00000000   Number         0  stm32f1xx_hal_i2s.o ABSOLUTE
    ..\\STM32F1xx_HAL_Driver\\Src\\stm32f1xx_hal_irda.c 0x00000000   Number         0  stm32f1xx_hal_irda.o ABSOLUTE
    ..\\STM32F1xx_HAL_Driver\\Src\\stm32f1xx_hal_iwdg.c 0x00000000   Number         0  stm32f1xx_hal_iwdg.o ABSOLUTE
    ..\\STM32F1xx_HAL_Driver\\Src\\stm32f1xx_hal_mmc.c 0x00000000   Number         0  stm32f1xx_hal_mmc.o ABSOLUTE
    ..\\STM32F1xx_HAL_Driver\\Src\\stm32f1xx_hal_nand.c 0x00000000   Number         0  stm32f1xx_hal_nand.o ABSOLUTE
    ..\\STM32F1xx_HAL_Driver\\Src\\stm32f1xx_hal_nor.c 0x00000000   Number         0  stm32f1xx_hal_nor.o ABSOLUTE
    ..\\STM32F1xx_HAL_Driver\\Src\\stm32f1xx_hal_pccard.c 0x00000000   Number         0  stm32f1xx_hal_pccard.o ABSOLUTE
    ..\\STM32F1xx_HAL_Driver\\Src\\stm32f1xx_hal_pcd.c 0x00000000   Number         0  stm32f1xx_hal_pcd.o ABSOLUTE
    ..\\STM32F1xx_HAL_Driver\\Src\\stm32f1xx_hal_pcd_ex.c 0x00000000   Number         0  stm32f1xx_hal_pcd_ex.o ABSOLUTE
    ..\\STM32F1xx_HAL_Driver\\Src\\stm32f1xx_hal_pwr.c 0x00000000   Number         0  stm32f1xx_hal_pwr.o ABSOLUTE
    ..\\STM32F1xx_HAL_Driver\\Src\\stm32f1xx_hal_rcc.c 0x00000000   Number         0  stm32f1xx_hal_rcc.o ABSOLUTE
    ..\\STM32F1xx_HAL_Driver\\Src\\stm32f1xx_hal_rcc_ex.c 0x00000000   Number         0  stm32f1xx_hal_rcc_ex.o ABSOLUTE
    ..\\STM32F1xx_HAL_Driver\\Src\\stm32f1xx_hal_rtc.c 0x00000000   Number         0  stm32f1xx_hal_rtc.o ABSOLUTE
    ..\\STM32F1xx_HAL_Driver\\Src\\stm32f1xx_hal_rtc_ex.c 0x00000000   Number         0  stm32f1xx_hal_rtc_ex.o ABSOLUTE
    ..\\STM32F1xx_HAL_Driver\\Src\\stm32f1xx_hal_sd.c 0x00000000   Number         0  stm32f1xx_hal_sd.o ABSOLUTE
    ..\\STM32F1xx_HAL_Driver\\Src\\stm32f1xx_hal_smartcard.c 0x00000000   Number         0  stm32f1xx_hal_smartcard.o ABSOLUTE
    ..\\STM32F1xx_HAL_Driver\\Src\\stm32f1xx_hal_spi.c 0x00000000   Number         0  stm32f1xx_hal_spi.o ABSOLUTE
    ..\\STM32F1xx_HAL_Driver\\Src\\stm32f1xx_hal_sram.c 0x00000000   Number         0  stm32f1xx_hal_sram.o ABSOLUTE
    ..\\STM32F1xx_HAL_Driver\\Src\\stm32f1xx_hal_tim.c 0x00000000   Number         0  stm32f1xx_hal_tim.o ABSOLUTE
    ..\\STM32F1xx_HAL_Driver\\Src\\stm32f1xx_hal_tim_ex.c 0x00000000   Number         0  stm32f1xx_hal_tim_ex.o ABSOLUTE
    ..\\STM32F1xx_HAL_Driver\\Src\\stm32f1xx_hal_uart.c 0x00000000   Number         0  stm32f1xx_hal_uart.o ABSOLUTE
    ..\\STM32F1xx_HAL_Driver\\Src\\stm32f1xx_hal_usart.c 0x00000000   Number         0  stm32f1xx_hal_usart.o ABSOLUTE
    ..\\STM32F1xx_HAL_Driver\\Src\\stm32f1xx_hal_wwdg.c 0x00000000   Number         0  stm32f1xx_hal_wwdg.o ABSOLUTE
    ..\\STM32F1xx_HAL_Driver\\Src\\stm32f1xx_ll_fsmc.c 0x00000000   Number         0  stm32f1xx_ll_fsmc.o ABSOLUTE
    ..\\STM32F1xx_HAL_Driver\\Src\\stm32f1xx_ll_sdmmc.c 0x00000000   Number         0  stm32f1xx_ll_sdmmc.o ABSOLUTE
    ..\\STM32F1xx_HAL_Driver\\Src\\stm32f1xx_ll_usb.c 0x00000000   Number         0  stm32f1xx_ll_usb.o ABSOLUTE
    ..\\STM32F1xx_HAL_Driver\\Src\\stm32f1xx_ll_utils.c 0x00000000   Number         0  stm32f1xx_ll_utils.o ABSOLUTE
    ..\\System\\delay\\delay.c               0x00000000   Number         0  delay.o ABSOLUTE
    ..\\System\\sys\\stm32_system.c          0x00000000   Number         0  stm32_system.o ABSOLUTE
    ..\\User\\main.c                         0x00000000   Number         0  main.o ABSOLUTE
    cdrcmple.s                               0x00000000   Number         0  cdrcmple.o ABSOLUTE
    dc.s                                     0x00000000   Number         0  dc.o ABSOLUTE
    handlers.s                               0x00000000   Number         0  handlers.o ABSOLUTE
    init.s                                   0x00000000   Number         0  init.o ABSOLUTE
    startup_stm32f103xb.s                    0x00000000   Number         0  startup_stm32f103xb.o ABSOLUTE
    RESET                                    0x08000000   Section      236  startup_stm32f103xb.o(RESET)
    .ARM.Collect$$$$00000000                 0x080000ec   Section        0  entry.o(.ARM.Collect$$$$00000000)
    .ARM.Collect$$$$00000001                 0x080000ec   Section        4  entry2.o(.ARM.Collect$$$$00000001)
    .ARM.Collect$$$$00000004                 0x080000f0   Section        4  entry5.o(.ARM.Collect$$$$00000004)
    .ARM.Collect$$$$00000008                 0x080000f4   Section        0  entry7b.o(.ARM.Collect$$$$00000008)
    .ARM.Collect$$$$0000000A                 0x080000f4   Section        0  entry8b.o(.ARM.Collect$$$$0000000A)
    .ARM.Collect$$$$0000000B                 0x080000f4   Section        8  entry9a.o(.ARM.Collect$$$$0000000B)
    .ARM.Collect$$$$0000000D                 0x080000fc   Section        0  entry10a.o(.ARM.Collect$$$$0000000D)
    .ARM.Collect$$$$0000000F                 0x080000fc   Section        0  entry11a.o(.ARM.Collect$$$$0000000F)
    .ARM.Collect$$$$00002712                 0x080000fc   Section        4  entry2.o(.ARM.Collect$$$$00002712)
    __lit__00000000                          0x080000fc   Data           4  entry2.o(.ARM.Collect$$$$00002712)
    .text                                    0x08000100   Section       36  startup_stm32f103xb.o(.text)
    .text                                    0x08000124   Section        0  llushr.o(.text)
    .text                                    0x08000144   Section        0  memcpya.o(.text)
    .text                                    0x08000168   Section        0  memseta.o(.text)
    .text                                    0x0800018c   Section        0  strcat.o(.text)
    .text                                    0x080001a4   Section        0  strstr.o(.text)
    .text                                    0x080001c8   Section        0  strlen.o(.text)
    .text                                    0x080001d6   Section        0  fadd.o(.text)
    .text                                    0x08000286   Section        0  fdiv.o(.text)
    .text                                    0x08000302   Section        0  ffltui.o(.text)
    .text                                    0x0800030c   Section        0  ffixi.o(.text)
    .text                                    0x0800033e   Section        0  f2d.o(.text)
    .text                                    0x08000364   Section        0  uidiv.o(.text)
    .text                                    0x08000390   Section        0  uldiv.o(.text)
    .text                                    0x080003f2   Section        0  iusefp.o(.text)
    .text                                    0x080003f2   Section        0  fepilogue.o(.text)
    .text                                    0x08000460   Section        0  dadd.o(.text)
    .text                                    0x080005ae   Section        0  dmul.o(.text)
    .text                                    0x08000692   Section        0  ddiv.o(.text)
    .text                                    0x08000770   Section        0  dfixul.o(.text)
    .text                                    0x080007a0   Section       48  cdrcmple.o(.text)
    .text                                    0x080007d0   Section       36  init.o(.text)
    .text                                    0x080007f4   Section        0  llshl.o(.text)
    .text                                    0x08000812   Section        0  llsshr.o(.text)
    .text                                    0x08000836   Section        0  depilogue.o(.text)
    i.BusFault_Handler                       0x080008f0   Section        0  stm32f1xx_it.o(i.BusFault_Handler)
    i.DHT11_Init                             0x080008f4   Section        0  dht11.o(i.DHT11_Init)
    i.DHT11_Read                             0x08000900   Section        0  dht11.o(i.DHT11_Read)
    i.DateTime_To_Sec                        0x08000984   Section        0  tencent_mqtt.o(i.DateTime_To_Sec)
    i.DebugMon_Handler                       0x08000a28   Section        0  stm32f1xx_it.o(i.DebugMon_Handler)
    i.ESP_Client_ConnectServer               0x08000a2c   Section        0  esp8266.o(i.ESP_Client_ConnectServer)
    i.ESP_Cmd_Send                           0x08000d94   Section        0  esp8266.o(i.ESP_Cmd_Send)
    i.ESP_Data_Send_FixedLen                 0x08000de4   Section        0  esp8266.o(i.ESP_Data_Send_FixedLen)
    i.ESP_HardReset                          0x08000e04   Section        0  esp8266.o(i.ESP_HardReset)
    i.ESP_Init                               0x08000e64   Section        0  esp8266.o(i.ESP_Init)
    i.ESP_RX_ISR                             0x08000ecc   Section        0  esp8266.o(i.ESP_RX_ISR)
    i.ESP_RecvBuff_Clear                     0x08000efc   Section        0  esp8266.o(i.ESP_RecvBuff_Clear)
    i.ESP_RecvProcess                        0x08000f20   Section        0  main.o(i.ESP_RecvProcess)
    i.ESP_Send                               0x08000fe4   Section        0  esp8266.o(i.ESP_Send)
    i.ESP_Smartconfig_Check                  0x08000ff4   Section        0  esp8266.o(i.ESP_Smartconfig_Check)
    i.ESP_UartSend                           0x08001048   Section        0  esp8266.o(i.ESP_UartSend)
    i.ESP_str_find                           0x08001054   Section        0  esp8266.o(i.ESP_str_find)
    i.ESP_strstr                             0x0800107e   Section        0  esp8266.o(i.ESP_strstr)
    i.HAL_DMA_Abort_IT                       0x080010b0   Section        0  stm32f1xx_hal_dma.o(i.HAL_DMA_Abort_IT)
    i.HAL_Delay                              0x08001160   Section        0  stm32f1xx_hal.o(i.HAL_Delay)
    i.HAL_GPIO_Init                          0x08001188   Section        0  stm32f1xx_hal_gpio.o(i.HAL_GPIO_Init)
    i.HAL_GPIO_ReadPin                       0x080014a8   Section        0  stm32f1xx_hal_gpio.o(i.HAL_GPIO_ReadPin)
    i.HAL_GPIO_TogglePin                     0x080014b8   Section        0  stm32f1xx_hal_gpio.o(i.HAL_GPIO_TogglePin)
    i.HAL_GPIO_WritePin                      0x080014cc   Section        0  stm32f1xx_hal_gpio.o(i.HAL_GPIO_WritePin)
    i.HAL_GetTick                            0x080014d8   Section        0  stm32f1xx_hal.o(i.HAL_GetTick)
    i.HAL_IncTick                            0x080014e4   Section        0  stm32f1xx_hal.o(i.HAL_IncTick)
    i.HAL_Init                               0x080014fc   Section        0  stm32f1xx_hal.o(i.HAL_Init)
    i.HAL_InitTick                           0x08001524   Section        0  stm32f1xx_hal.o(i.HAL_InitTick)
    i.HAL_MspInit                            0x08001570   Section        0  stm32f1xx_hal.o(i.HAL_MspInit)
    i.HAL_NVIC_EnableIRQ                     0x08001572   Section        0  stm32f1xx_hal_cortex.o(i.HAL_NVIC_EnableIRQ)
    i.HAL_NVIC_SetPriority                   0x0800158c   Section        0  stm32f1xx_hal_cortex.o(i.HAL_NVIC_SetPriority)
    i.HAL_NVIC_SetPriorityGrouping           0x08001608   Section        0  stm32f1xx_hal_cortex.o(i.HAL_NVIC_SetPriorityGrouping)
    i.HAL_RCC_ClockConfig                    0x08001630   Section        0  stm32f1xx_hal_rcc.o(i.HAL_RCC_ClockConfig)
    i.HAL_RCC_GetHCLKFreq                    0x080017bc   Section        0  stm32f1xx_hal_rcc.o(i.HAL_RCC_GetHCLKFreq)
    i.HAL_RCC_GetPCLK1Freq                   0x080017c8   Section        0  stm32f1xx_hal_rcc.o(i.HAL_RCC_GetPCLK1Freq)
    i.HAL_RCC_GetPCLK2Freq                   0x080017e8   Section        0  stm32f1xx_hal_rcc.o(i.HAL_RCC_GetPCLK2Freq)
    i.HAL_RCC_GetSysClockFreq                0x08001808   Section        0  stm32f1xx_hal_rcc.o(i.HAL_RCC_GetSysClockFreq)
    i.HAL_RCC_OscConfig                      0x0800189c   Section        0  stm32f1xx_hal_rcc.o(i.HAL_RCC_OscConfig)
    i.HAL_SYSTICK_Callback                   0x08001d00   Section        0  systick.o(i.HAL_SYSTICK_Callback)
    i.HAL_SYSTICK_Config                     0x08001d02   Section        0  stm32f1xx_hal_cortex.o(i.HAL_SYSTICK_Config)
    i.HAL_SYSTICK_IRQHandler                 0x08001d36   Section        0  stm32f1xx_hal_cortex.o(i.HAL_SYSTICK_IRQHandler)
    i.HAL_UART_ErrorCallback                 0x08001d3e   Section        0  stm32f1xx_hal_uart.o(i.HAL_UART_ErrorCallback)
    i.HAL_UART_IRQHandler                    0x08001d40   Section        0  stm32f1xx_hal_uart.o(i.HAL_UART_IRQHandler)
    i.HAL_UART_Init                          0x08001e94   Section        0  stm32f1xx_hal_uart.o(i.HAL_UART_Init)
    i.HAL_UART_MspInit                       0x08001f06   Section        0  stm32f1xx_hal_uart.o(i.HAL_UART_MspInit)
    i.HAL_UART_RxCpltCallback                0x08001f08   Section        0  stm32f1xx_hal_uart.o(i.HAL_UART_RxCpltCallback)
    i.HAL_UART_TxCpltCallback                0x08001f0c   Section        0  usart.o(i.HAL_UART_TxCpltCallback)
    i.HardFault_Handler                      0x08001f64   Section        0  stm32f1xx_it.o(i.HardFault_Handler)
    i.IsLeapYear                             0x08001f6c   Section        0  tencent_mqtt.o(i.IsLeapYear)
    i.LED_Close                              0x08001fa8   Section        0  led.o(i.LED_Close)
    i.LED_Init                               0x08001fc8   Section        0  led.o(i.LED_Init)
    i.LED_Open                               0x08002018   Section        0  led.o(i.LED_Open)
    i.LED_Toggle                             0x08002038   Section        0  led.o(i.LED_Toggle)
    i.MemManage_Handler                      0x08002054   Section        0  stm32f1xx_it.o(i.MemManage_Handler)
    i.Mqtt_Connect                           0x08002058   Section        0  mqtt.o(i.Mqtt_Connect)
    i.Mqtt_Init                              0x080021d8   Section        0  mqtt.o(i.Mqtt_Init)
    i.Mqtt_Ping                              0x080021ec   Section        0  mqtt.o(i.Mqtt_Ping)
    i.Mqtt_Publish                           0x0800221c   Section        0  mqtt.o(i.Mqtt_Publish)
    i.Mqtt_RecvHandle                        0x08002328   Section        0  mqtt.o(i.Mqtt_RecvHandle)
    i.Mqtt_Subscribe                         0x080023e8   Section        0  mqtt.o(i.Mqtt_Subscribe)
    i.NMI_Handler                            0x080024b4   Section        0  stm32f1xx_it.o(i.NMI_Handler)
    i.NVIC_GetPriorityGrouping               0x080024b8   Section        0  stm32f1xx_hal_cortex.o(i.NVIC_GetPriorityGrouping)
    NVIC_GetPriorityGrouping                 0x080024b9   Thumb Code    10  stm32f1xx_hal_cortex.o(i.NVIC_GetPriorityGrouping)
    i.NVIC_SetPriority                       0x080024c8   Section        0  stm32f1xx_hal_cortex.o(i.NVIC_SetPriority)
    NVIC_SetPriority                         0x080024c9   Thumb Code    32  stm32f1xx_hal_cortex.o(i.NVIC_SetPriority)
    i.Oneline_Read                           0x080024f0   Section        0  dht11.o(i.Oneline_Read)
    i.Oneline_Start                          0x0800252c   Section        0  dht11.o(i.Oneline_Start)
    i.Oneline_bit                            0x08002594   Section        0  dht11.o(i.Oneline_bit)
    i.PendSV_Handler                         0x080025f4   Section        0  stm32f1xx_it.o(i.PendSV_Handler)
    i.RCC_Delay                              0x080025f8   Section        0  stm32f1xx_hal_rcc.o(i.RCC_Delay)
    RCC_Delay                                0x080025f9   Thumb Code    36  stm32f1xx_hal_rcc.o(i.RCC_Delay)
    i.SVC_Handler                            0x08002620   Section        0  stm32f1xx_it.o(i.SVC_Handler)
    i.SysTick_Handler                        0x08002624   Section        0  systick.o(i.SysTick_Handler)
    i.SysTick_Init                           0x08002640   Section        0  systick.o(i.SysTick_Init)
    i.Sys_Soft_Reset                         0x080026a4   Section        0  stm32_system.o(i.Sys_Soft_Reset)
    i.SystemClock_Init                       0x080026b4   Section        0  stm32_system.o(i.SystemClock_Init)
    i.SystemInit                             0x0800270c   Section        0  system_stm32f1xx.o(i.SystemInit)
    i.System_Init                            0x08002764   Section        0  stm32_system.o(i.System_Init)
    i.Tencent_Mqtt_Connect                   0x08002778   Section        0  tencent_mqtt.o(i.Tencent_Mqtt_Connect)
    i.Tencent_Mqtt_Init                      0x08002794   Section        0  tencent_mqtt.o(i.Tencent_Mqtt_Init)
    i.Tencent_Mqtt_RecvHandle                0x080028a0   Section        0  tencent_mqtt.o(i.Tencent_Mqtt_RecvHandle)
    i.UART_DMAAbortOnError                   0x08002934   Section        0  stm32f1xx_hal_uart.o(i.UART_DMAAbortOnError)
    UART_DMAAbortOnError                     0x08002935   Thumb Code    20  stm32f1xx_hal_uart.o(i.UART_DMAAbortOnError)
    i.UART_EndRxTransfer                     0x08002948   Section        0  stm32f1xx_hal_uart.o(i.UART_EndRxTransfer)
    UART_EndRxTransfer                       0x08002949   Thumb Code    32  stm32f1xx_hal_uart.o(i.UART_EndRxTransfer)
    i.UART_EndTransmit_IT                    0x08002968   Section        0  stm32f1xx_hal_uart.o(i.UART_EndTransmit_IT)
    UART_EndTransmit_IT                      0x08002969   Thumb Code    32  stm32f1xx_hal_uart.o(i.UART_EndTransmit_IT)
    i.UART_Receive_IT                        0x08002988   Section        0  stm32f1xx_hal_uart.o(i.UART_Receive_IT)
    UART_Receive_IT                          0x08002989   Thumb Code   160  stm32f1xx_hal_uart.o(i.UART_Receive_IT)
    i.UART_SetConfig                         0x08002a28   Section        0  stm32f1xx_hal_uart.o(i.UART_SetConfig)
    UART_SetConfig                           0x08002a29   Thumb Code   248  stm32f1xx_hal_uart.o(i.UART_SetConfig)
    i.UART_Transmit_IT                       0x08002b24   Section        0  stm32f1xx_hal_uart.o(i.UART_Transmit_IT)
    UART_Transmit_IT                         0x08002b25   Thumb Code    96  stm32f1xx_hal_uart.o(i.UART_Transmit_IT)
    i.USART1_IRQHandler                      0x08002b84   Section        0  usart.o(i.USART1_IRQHandler)
    i.USART1_Init                            0x08002bb8   Section        0  usart.o(i.USART1_Init)
    i.USART1_SendByte                        0x08002c80   Section        0  usart.o(i.USART1_SendByte)
    i.USART1_Send_Poll                       0x08002c9c   Section        0  usart.o(i.USART1_Send_Poll)
    i.USART2_IRQHandler                      0x08002cb8   Section        0  usart.o(i.USART2_IRQHandler)
    i.USART2_Init                            0x08002cec   Section        0  usart.o(i.USART2_Init)
    i.USART2_SendByte                        0x08002db4   Section        0  usart.o(i.USART2_SendByte)
    i.USART2_SendString                      0x08002dd0   Section        0  usart.o(i.USART2_SendString)
    i.USART2_Send_Poll                       0x08002de6   Section        0  usart.o(i.USART2_Send_Poll)
    i.USART3_IRQHandler                      0x08002e04   Section        0  usart.o(i.USART3_IRQHandler)
    i.UsageFault_Handler                     0x08002e38   Section        0  stm32f1xx_it.o(i.UsageFault_Handler)
    i.__0printf                              0x08002e3c   Section        0  printfa.o(i.__0printf)
    i.__0sprintf                             0x08002e5c   Section        0  printfa.o(i.__0sprintf)
    i.__scatterload_copy                     0x08002e84   Section       14  handlers.o(i.__scatterload_copy)
    i.__scatterload_null                     0x08002e92   Section        2  handlers.o(i.__scatterload_null)
    i.__scatterload_zeroinit                 0x08002e94   Section       14  handlers.o(i.__scatterload_zeroinit)
    i._fp_digits                             0x08002ea4   Section        0  printfa.o(i._fp_digits)
    _fp_digits                               0x08002ea5   Thumb Code   334  printfa.o(i._fp_digits)
    i._printf_core                           0x08003008   Section        0  printfa.o(i._printf_core)
    _printf_core                             0x08003009   Thumb Code  1744  printfa.o(i._printf_core)
    i._printf_post_padding                   0x080036e4   Section        0  printfa.o(i._printf_post_padding)
    _printf_post_padding                     0x080036e5   Thumb Code    36  printfa.o(i._printf_post_padding)
    i._printf_pre_padding                    0x08003708   Section        0  printfa.o(i._printf_pre_padding)
    _printf_pre_padding                      0x08003709   Thumb Code    46  printfa.o(i._printf_pre_padding)
    i._sputc                                 0x08003736   Section        0  printfa.o(i._sputc)
    _sputc                                   0x08003737   Thumb Code    10  printfa.o(i._sputc)
    i.base64_decode                          0x08003740   Section        0  utils_hmac.o(i.base64_decode)
    i.delay_ms                               0x0800384c   Section        0  delay.o(i.delay_ms)
    i.delay_us                               0x08003864   Section        0  delay.o(i.delay_us)
    i.fputc                                  0x080038a8   Section        0  usart.o(i.fputc)
    i.gpio_in                                0x080038c4   Section        0  dht11.o(i.gpio_in)
    i.gpio_out                               0x080038e8   Section        0  dht11.o(i.gpio_out)
    i.main                                   0x08003910   Section        0  main.o(i.main)
    i.systick_isr                            0x08003b90   Section        0  main.o(i.systick_isr)
    i.utils_hb2hex                           0x08003c98   Section        0  utils_md5.o(i.utils_hb2hex)
    i.utils_hmac_sha1                        0x08003cb0   Section        0  utils_hmac.o(i.utils_hmac_sha1)
    i.utils_sha1_finish                      0x08003d98   Section        0  utils_sha1.o(i.utils_sha1_finish)
    i.utils_sha1_init                        0x08003e80   Section        0  utils_sha1.o(i.utils_sha1_init)
    i.utils_sha1_process                     0x08003e90   Section        0  utils_sha1.o(i.utils_sha1_process)
    i.utils_sha1_starts                      0x080057ac   Section        0  utils_sha1.o(i.utils_sha1_starts)
    i.utils_sha1_update                      0x080057d8   Section        0  utils_sha1.o(i.utils_sha1_update)
    .constdata                               0x08005854   Section       24  system_stm32f1xx.o(.constdata)
    .constdata                               0x0800586c   Section       12  tencent_mqtt.o(.constdata)
    .constdata                               0x08005878   Section       64  utils_sha1.o(.constdata)
    iot_sha1_padding                         0x08005878   Data          64  utils_sha1.o(.constdata)
    .conststring                             0x080058b8   Section       91  main.o(.conststring)
    .conststring                             0x08005914   Section        8  esp8266.o(.conststring)
    .conststring                             0x0800591c   Section       65  utils_hmac.o(.conststring)
    .data                                    0x20000000   Section        4  system_stm32f1xx.o(.data)
    .data                                    0x20000004   Section        9  stm32f1xx_hal.o(.data)
    .data                                    0x20000010   Section       27  main.o(.data)
    .data                                    0x2000002c   Section        4  systick.o(.data)
    .data                                    0x20000030   Section       20  esp8266.o(.data)
    .data                                    0x20000044   Section       13  dht11.o(.data)
    .data                                    0x20000054   Section        4  utils_hmac.o(.data)
    .data                                    0x20000058   Section        4  stdout.o(.data)
    .bss                                     0x2000005c   Section      512  main.o(.bss)
    .bss                                     0x2000025c   Section      216  usart.o(.bss)
    .bss                                     0x20000334   Section     1024  esp8266.o(.bss)
    .bss                                     0x20000734   Section     1292  mqtt.o(.bss)
    .bss                                     0x20000c40   Section      512  tencent_mqtt.o(.bss)
    STACK                                    0x20000e40   Section     1024  startup_stm32f103xb.o(STACK)

    Global Symbols

    Symbol Name                              Value     Ov Type        Size  Object(Section)

    BuildAttributes$$THM_ISAv4$P$D$K$B$S$PE$A:L22UL41UL21$X:L11$S22US41US21$IEEE1$IW$USESV6$~STKCKD$USESV7$~SHL$OTIME$ROPI$EBA8$MICROLIB$REQ8$PRES8$EABIv2 0x00000000   Number         0  anon$$obj.o ABSOLUTE
    __ARM_use_no_argv                        0x00000000   Number         0  main.o ABSOLUTE
    _printf_a                                0x00000000   Number         0  stubs.o ABSOLUTE
    _printf_c                                0x00000000   Number         0  stubs.o ABSOLUTE
    _printf_charcount                        0x00000000   Number         0  stubs.o ABSOLUTE
    _printf_d                                0x00000000   Number         0  stubs.o ABSOLUTE
    _printf_e                                0x00000000   Number         0  stubs.o ABSOLUTE
    _printf_f                                0x00000000   Number         0  stubs.o ABSOLUTE
    _printf_flags                            0x00000000   Number         0  stubs.o ABSOLUTE
    _printf_fp_dec                           0x00000000   Number         0  stubs.o ABSOLUTE
    _printf_fp_hex                           0x00000000   Number         0  stubs.o ABSOLUTE
    _printf_g                                0x00000000   Number         0  stubs.o ABSOLUTE
    _printf_i                                0x00000000   Number         0  stubs.o ABSOLUTE
    _printf_int_dec                          0x00000000   Number         0  stubs.o ABSOLUTE
    _printf_l                                0x00000000   Number         0  stubs.o ABSOLUTE
    _printf_lc                               0x00000000   Number         0  stubs.o ABSOLUTE
    _printf_ll                               0x00000000   Number         0  stubs.o ABSOLUTE
    _printf_lld                              0x00000000   Number         0  stubs.o ABSOLUTE
    _printf_lli                              0x00000000   Number         0  stubs.o ABSOLUTE
    _printf_llo                              0x00000000   Number         0  stubs.o ABSOLUTE
    _printf_llu                              0x00000000   Number         0  stubs.o ABSOLUTE
    _printf_llx                              0x00000000   Number         0  stubs.o ABSOLUTE
    _printf_longlong_dec                     0x00000000   Number         0  stubs.o ABSOLUTE
    _printf_longlong_hex                     0x00000000   Number         0  stubs.o ABSOLUTE
    _printf_longlong_oct                     0x00000000   Number         0  stubs.o ABSOLUTE
    _printf_ls                               0x00000000   Number         0  stubs.o ABSOLUTE
    _printf_mbtowc                           0x00000000   Number         0  stubs.o ABSOLUTE
    _printf_n                                0x00000000   Number         0  stubs.o ABSOLUTE
    _printf_o                                0x00000000   Number         0  stubs.o ABSOLUTE
    _printf_p                                0x00000000   Number         0  stubs.o ABSOLUTE
    _printf_percent                          0x00000000   Number         0  stubs.o ABSOLUTE
    _printf_pre_padding                      0x00000000   Number         0  stubs.o ABSOLUTE
    _printf_return_value                     0x00000000   Number         0  stubs.o ABSOLUTE
    _printf_s                                0x00000000   Number         0  stubs.o ABSOLUTE
    _printf_sizespec                         0x00000000   Number         0  stubs.o ABSOLUTE
    _printf_str                              0x00000000   Number         0  stubs.o ABSOLUTE
    _printf_truncate_signed                  0x00000000   Number         0  stubs.o ABSOLUTE
    _printf_truncate_unsigned                0x00000000   Number         0  stubs.o ABSOLUTE
    _printf_u                                0x00000000   Number         0  stubs.o ABSOLUTE
    _printf_wc                               0x00000000   Number         0  stubs.o ABSOLUTE
    _printf_wctomb                           0x00000000   Number         0  stubs.o ABSOLUTE
    _printf_widthprec                        0x00000000   Number         0  stubs.o ABSOLUTE
    _printf_x                                0x00000000   Number         0  stubs.o ABSOLUTE
    __cpp_initialize__aeabi_                  - Undefined Weak Reference
    __cxa_finalize                            - Undefined Weak Reference
    __decompress                              - Undefined Weak Reference
    _clock_init                               - Undefined Weak Reference
    _microlib_exit                            - Undefined Weak Reference
    __Vectors_Size                           0x000000ec   Number         0  startup_stm32f103xb.o ABSOLUTE
    __Vectors                                0x08000000   Data           4  startup_stm32f103xb.o(RESET)
    __Vectors_End                            0x080000ec   Data           0  startup_stm32f103xb.o(RESET)
    __main                                   0x080000ed   Thumb Code     0  entry.o(.ARM.Collect$$$$00000000)
    _main_stk                                0x080000ed   Thumb Code     0  entry2.o(.ARM.Collect$$$$00000001)
    _main_scatterload                        0x080000f1   Thumb Code     0  entry5.o(.ARM.Collect$$$$00000004)
    __main_after_scatterload                 0x080000f5   Thumb Code     0  entry5.o(.ARM.Collect$$$$00000004)
    _main_clock                              0x080000f5   Thumb Code     0  entry7b.o(.ARM.Collect$$$$00000008)
    _main_cpp_init                           0x080000f5   Thumb Code     0  entry8b.o(.ARM.Collect$$$$0000000A)
    _main_init                               0x080000f5   Thumb Code     0  entry9a.o(.ARM.Collect$$$$0000000B)
    __rt_final_cpp                           0x080000fd   Thumb Code     0  entry10a.o(.ARM.Collect$$$$0000000D)
    __rt_final_exit                          0x080000fd   Thumb Code     0  entry11a.o(.ARM.Collect$$$$0000000F)
    Reset_Handler                            0x08000101   Thumb Code     8  startup_stm32f103xb.o(.text)
    ADC1_2_IRQHandler                        0x0800011b   Thumb Code     0  startup_stm32f103xb.o(.text)
    CAN1_RX1_IRQHandler                      0x0800011b   Thumb Code     0  startup_stm32f103xb.o(.text)
    CAN1_SCE_IRQHandler                      0x0800011b   Thumb Code     0  startup_stm32f103xb.o(.text)
    DMA1_Channel1_IRQHandler                 0x0800011b   Thumb Code     0  startup_stm32f103xb.o(.text)
    DMA1_Channel2_IRQHandler                 0x0800011b   Thumb Code     0  startup_stm32f103xb.o(.text)
    DMA1_Channel3_IRQHandler                 0x0800011b   Thumb Code     0  startup_stm32f103xb.o(.text)
    DMA1_Channel4_IRQHandler                 0x0800011b   Thumb Code     0  startup_stm32f103xb.o(.text)
    DMA1_Channel5_IRQHandler                 0x0800011b   Thumb Code     0  startup_stm32f103xb.o(.text)
    DMA1_Channel6_IRQHandler                 0x0800011b   Thumb Code     0  startup_stm32f103xb.o(.text)
    DMA1_Channel7_IRQHandler                 0x0800011b   Thumb Code     0  startup_stm32f103xb.o(.text)
    EXTI0_IRQHandler                         0x0800011b   Thumb Code     0  startup_stm32f103xb.o(.text)
    EXTI15_10_IRQHandler                     0x0800011b   Thumb Code     0  startup_stm32f103xb.o(.text)
    EXTI1_IRQHandler                         0x0800011b   Thumb Code     0  startup_stm32f103xb.o(.text)
    EXTI2_IRQHandler                         0x0800011b   Thumb Code     0  startup_stm32f103xb.o(.text)
    EXTI3_IRQHandler                         0x0800011b   Thumb Code     0  startup_stm32f103xb.o(.text)
    EXTI4_IRQHandler                         0x0800011b   Thumb Code     0  startup_stm32f103xb.o(.text)
    EXTI9_5_IRQHandler                       0x0800011b   Thumb Code     0  startup_stm32f103xb.o(.text)
    FLASH_IRQHandler                         0x0800011b   Thumb Code     0  startup_stm32f103xb.o(.text)
    I2C1_ER_IRQHandler                       0x0800011b   Thumb Code     0  startup_stm32f103xb.o(.text)
    I2C1_EV_IRQHandler                       0x0800011b   Thumb Code     0  startup_stm32f103xb.o(.text)
    I2C2_ER_IRQHandler                       0x0800011b   Thumb Code     0  startup_stm32f103xb.o(.text)
    I2C2_EV_IRQHandler                       0x0800011b   Thumb Code     0  startup_stm32f103xb.o(.text)
    PVD_IRQHandler                           0x0800011b   Thumb Code     0  startup_stm32f103xb.o(.text)
    RCC_IRQHandler                           0x0800011b   Thumb Code     0  startup_stm32f103xb.o(.text)
    RTC_Alarm_IRQHandler                     0x0800011b   Thumb Code     0  startup_stm32f103xb.o(.text)
    RTC_IRQHandler                           0x0800011b   Thumb Code     0  startup_stm32f103xb.o(.text)
    SPI1_IRQHandler                          0x0800011b   Thumb Code     0  startup_stm32f103xb.o(.text)
    SPI2_IRQHandler                          0x0800011b   Thumb Code     0  startup_stm32f103xb.o(.text)
    TAMPER_IRQHandler                        0x0800011b   Thumb Code     0  startup_stm32f103xb.o(.text)
    TIM1_BRK_IRQHandler                      0x0800011b   Thumb Code     0  startup_stm32f103xb.o(.text)
    TIM1_CC_IRQHandler                       0x0800011b   Thumb Code     0  startup_stm32f103xb.o(.text)
    TIM1_TRG_COM_IRQHandler                  0x0800011b   Thumb Code     0  startup_stm32f103xb.o(.text)
    TIM1_UP_IRQHandler                       0x0800011b   Thumb Code     0  startup_stm32f103xb.o(.text)
    TIM2_IRQHandler                          0x0800011b   Thumb Code     0  startup_stm32f103xb.o(.text)
    TIM3_IRQHandler                          0x0800011b   Thumb Code     0  startup_stm32f103xb.o(.text)
    TIM4_IRQHandler                          0x0800011b   Thumb Code     0  startup_stm32f103xb.o(.text)
    USBWakeUp_IRQHandler                     0x0800011b   Thumb Code     0  startup_stm32f103xb.o(.text)
    USB_HP_CAN1_TX_IRQHandler                0x0800011b   Thumb Code     0  startup_stm32f103xb.o(.text)
    USB_LP_CAN1_RX0_IRQHandler               0x0800011b   Thumb Code     0  startup_stm32f103xb.o(.text)
    WWDG_IRQHandler                          0x0800011b   Thumb Code     0  startup_stm32f103xb.o(.text)
    __aeabi_llsr                             0x08000125   Thumb Code    32  llushr.o(.text)
    _ll_ushift_r                             0x08000125   Thumb Code     0  llushr.o(.text)
    __aeabi_memcpy                           0x08000145   Thumb Code    36  memcpya.o(.text)
    __aeabi_memcpy4                          0x08000145   Thumb Code     0  memcpya.o(.text)
    __aeabi_memcpy8                          0x08000145   Thumb Code     0  memcpya.o(.text)
    __aeabi_memset                           0x08000169   Thumb Code    14  memseta.o(.text)
    __aeabi_memset4                          0x08000169   Thumb Code     0  memseta.o(.text)
    __aeabi_memset8                          0x08000169   Thumb Code     0  memseta.o(.text)
    __aeabi_memclr                           0x08000177   Thumb Code     4  memseta.o(.text)
    __aeabi_memclr4                          0x08000177   Thumb Code     0  memseta.o(.text)
    __aeabi_memclr8                          0x08000177   Thumb Code     0  memseta.o(.text)
    _memset$wrapper                          0x0800017b   Thumb Code    18  memseta.o(.text)
    strcat                                   0x0800018d   Thumb Code    24  strcat.o(.text)
    strstr                                   0x080001a5   Thumb Code    36  strstr.o(.text)
    strlen                                   0x080001c9   Thumb Code    14  strlen.o(.text)
    __aeabi_fadd                             0x080001d7   Thumb Code   164  fadd.o(.text)
    __aeabi_fsub                             0x0800027b   Thumb Code     6  fadd.o(.text)
    __aeabi_frsub                            0x08000281   Thumb Code     6  fadd.o(.text)
    __aeabi_fdiv                             0x08000287   Thumb Code   124  fdiv.o(.text)
    __aeabi_ui2f                             0x08000303   Thumb Code    10  ffltui.o(.text)
    __aeabi_f2iz                             0x0800030d   Thumb Code    50  ffixi.o(.text)
    __aeabi_f2d                              0x0800033f   Thumb Code    38  f2d.o(.text)
    __aeabi_uidiv                            0x08000365   Thumb Code     0  uidiv.o(.text)
    __aeabi_uidivmod                         0x08000365   Thumb Code    44  uidiv.o(.text)
    __aeabi_uldivmod                         0x08000391   Thumb Code    98  uldiv.o(.text)
    __I$use$fp                               0x080003f3   Thumb Code     0  iusefp.o(.text)
    _float_round                             0x080003f3   Thumb Code    18  fepilogue.o(.text)
    _float_epilogue                          0x08000405   Thumb Code    92  fepilogue.o(.text)
    __aeabi_dadd                             0x08000461   Thumb Code   322  dadd.o(.text)
    __aeabi_dsub                             0x080005a3   Thumb Code     6  dadd.o(.text)
    __aeabi_drsub                            0x080005a9   Thumb Code     6  dadd.o(.text)
    __aeabi_dmul                             0x080005af   Thumb Code   228  dmul.o(.text)
    __aeabi_ddiv                             0x08000693   Thumb Code   222  ddiv.o(.text)
    __aeabi_d2ulz                            0x08000771   Thumb Code    48  dfixul.o(.text)
    __aeabi_cdrcmple                         0x080007a1   Thumb Code    48  cdrcmple.o(.text)
    __scatterload                            0x080007d1   Thumb Code    28  init.o(.text)
    __scatterload_rt2                        0x080007d1   Thumb Code     0  init.o(.text)
    __aeabi_llsl                             0x080007f5   Thumb Code    30  llshl.o(.text)
    _ll_shift_l                              0x080007f5   Thumb Code     0  llshl.o(.text)
    __aeabi_lasr                             0x08000813   Thumb Code    36  llsshr.o(.text)
    _ll_sshift_r                             0x08000813   Thumb Code     0  llsshr.o(.text)
    _double_round                            0x08000837   Thumb Code    30  depilogue.o(.text)
    _double_epilogue                         0x08000855   Thumb Code   156  depilogue.o(.text)
    BusFault_Handler                         0x080008f1   Thumb Code     4  stm32f1xx_it.o(i.BusFault_Handler)
    DHT11_Init                               0x080008f5   Thumb Code    12  dht11.o(i.DHT11_Init)
    DHT11_Read                               0x08000901   Thumb Code   120  dht11.o(i.DHT11_Read)
    DateTime_To_Sec                          0x08000985   Thumb Code   148  tencent_mqtt.o(i.DateTime_To_Sec)
    DebugMon_Handler                         0x08000a29   Thumb Code     2  stm32f1xx_it.o(i.DebugMon_Handler)
    ESP_Client_ConnectServer                 0x08000a2d   Thumb Code   416  esp8266.o(i.ESP_Client_ConnectServer)
    ESP_Cmd_Send                             0x08000d95   Thumb Code    76  esp8266.o(i.ESP_Cmd_Send)
    ESP_Data_Send_FixedLen                   0x08000de5   Thumb Code    28  esp8266.o(i.ESP_Data_Send_FixedLen)
    ESP_HardReset                            0x08000e05   Thumb Code    76  esp8266.o(i.ESP_HardReset)
    ESP_Init                                 0x08000e65   Thumb Code    84  esp8266.o(i.ESP_Init)
    ESP_RX_ISR                               0x08000ecd   Thumb Code    34  esp8266.o(i.ESP_RX_ISR)
    ESP_RecvBuff_Clear                       0x08000efd   Thumb Code    28  esp8266.o(i.ESP_RecvBuff_Clear)
    ESP_RecvProcess                          0x08000f21   Thumb Code   112  main.o(i.ESP_RecvProcess)
    ESP_Send                                 0x08000fe5   Thumb Code    16  esp8266.o(i.ESP_Send)
    ESP_Smartconfig_Check                    0x08000ff5   Thumb Code    48  esp8266.o(i.ESP_Smartconfig_Check)
    ESP_UartSend                             0x08001049   Thumb Code    12  esp8266.o(i.ESP_UartSend)
    ESP_str_find                             0x08001055   Thumb Code    42  esp8266.o(i.ESP_str_find)
    ESP_strstr                               0x0800107f   Thumb Code    48  esp8266.o(i.ESP_strstr)
    HAL_DMA_Abort_IT                         0x080010b1   Thumb Code   172  stm32f1xx_hal_dma.o(i.HAL_DMA_Abort_IT)
    HAL_Delay                                0x08001161   Thumb Code    36  stm32f1xx_hal.o(i.HAL_Delay)
    HAL_GPIO_Init                            0x08001189   Thumb Code   766  stm32f1xx_hal_gpio.o(i.HAL_GPIO_Init)
    HAL_GPIO_ReadPin                         0x080014a9   Thumb Code    16  stm32f1xx_hal_gpio.o(i.HAL_GPIO_ReadPin)
    HAL_GPIO_TogglePin                       0x080014b9   Thumb Code    20  stm32f1xx_hal_gpio.o(i.HAL_GPIO_TogglePin)
    HAL_GPIO_WritePin                        0x080014cd   Thumb Code    12  stm32f1xx_hal_gpio.o(i.HAL_GPIO_WritePin)
    HAL_GetTick                              0x080014d9   Thumb Code     6  stm32f1xx_hal.o(i.HAL_GetTick)
    HAL_IncTick                              0x080014e5   Thumb Code    16  stm32f1xx_hal.o(i.HAL_IncTick)
    HAL_Init                                 0x080014fd   Thumb Code    34  stm32f1xx_hal.o(i.HAL_Init)
    HAL_InitTick                             0x08001525   Thumb Code    64  stm32f1xx_hal.o(i.HAL_InitTick)
    HAL_MspInit                              0x08001571   Thumb Code     2  stm32f1xx_hal.o(i.HAL_MspInit)
    HAL_NVIC_EnableIRQ                       0x08001573   Thumb Code    26  stm32f1xx_hal_cortex.o(i.HAL_NVIC_EnableIRQ)
    HAL_NVIC_SetPriority                     0x0800158d   Thumb Code   124  stm32f1xx_hal_cortex.o(i.HAL_NVIC_SetPriority)
    HAL_NVIC_SetPriorityGrouping             0x08001609   Thumb Code    32  stm32f1xx_hal_cortex.o(i.HAL_NVIC_SetPriorityGrouping)
    HAL_RCC_ClockConfig                      0x08001631   Thumb Code   376  stm32f1xx_hal_rcc.o(i.HAL_RCC_ClockConfig)
    HAL_RCC_GetHCLKFreq                      0x080017bd   Thumb Code     6  stm32f1xx_hal_rcc.o(i.HAL_RCC_GetHCLKFreq)
    HAL_RCC_GetPCLK1Freq                     0x080017c9   Thumb Code    22  stm32f1xx_hal_rcc.o(i.HAL_RCC_GetPCLK1Freq)
    HAL_RCC_GetPCLK2Freq                     0x080017e9   Thumb Code    22  stm32f1xx_hal_rcc.o(i.HAL_RCC_GetPCLK2Freq)
    HAL_RCC_GetSysClockFreq                  0x08001809   Thumb Code   116  stm32f1xx_hal_rcc.o(i.HAL_RCC_GetSysClockFreq)
    HAL_RCC_OscConfig                        0x0800189d   Thumb Code  1114  stm32f1xx_hal_rcc.o(i.HAL_RCC_OscConfig)
    HAL_SYSTICK_Callback                     0x08001d01   Thumb Code     2  systick.o(i.HAL_SYSTICK_Callback)
    HAL_SYSTICK_Config                       0x08001d03   Thumb Code    52  stm32f1xx_hal_cortex.o(i.HAL_SYSTICK_Config)
    HAL_SYSTICK_IRQHandler                   0x08001d37   Thumb Code     8  stm32f1xx_hal_cortex.o(i.HAL_SYSTICK_IRQHandler)
    HAL_UART_ErrorCallback                   0x08001d3f   Thumb Code     2  stm32f1xx_hal_uart.o(i.HAL_UART_ErrorCallback)
    HAL_UART_IRQHandler                      0x08001d41   Thumb Code   334  stm32f1xx_hal_uart.o(i.HAL_UART_IRQHandler)
    HAL_UART_Init                            0x08001e95   Thumb Code   114  stm32f1xx_hal_uart.o(i.HAL_UART_Init)
    HAL_UART_MspInit                         0x08001f07   Thumb Code     2  stm32f1xx_hal_uart.o(i.HAL_UART_MspInit)
    HAL_UART_RxCpltCallback                  0x08001f09   Thumb Code     2  stm32f1xx_hal_uart.o(i.HAL_UART_RxCpltCallback)
    HAL_UART_TxCpltCallback                  0x08001f0d   Thumb Code    70  usart.o(i.HAL_UART_TxCpltCallback)
    HardFault_Handler                        0x08001f65   Thumb Code     8  stm32f1xx_it.o(i.HardFault_Handler)
    IsLeapYear                               0x08001f6d   Thumb Code    58  tencent_mqtt.o(i.IsLeapYear)
    LED_Close                                0x08001fa9   Thumb Code    26  led.o(i.LED_Close)
    LED_Init                                 0x08001fc9   Thumb Code    72  led.o(i.LED_Init)
    LED_Open                                 0x08002019   Thumb Code    26  led.o(i.LED_Open)
    LED_Toggle                               0x08002039   Thumb Code    24  led.o(i.LED_Toggle)
    MemManage_Handler                        0x08002055   Thumb Code     4  stm32f1xx_it.o(i.MemManage_Handler)
    Mqtt_Connect                             0x08002059   Thumb Code   380  mqtt.o(i.Mqtt_Connect)
    Mqtt_Init                                0x080021d9   Thumb Code    14  mqtt.o(i.Mqtt_Init)
    Mqtt_Ping                                0x080021ed   Thumb Code    42  mqtt.o(i.Mqtt_Ping)
    Mqtt_Publish                             0x0800221d   Thumb Code   262  mqtt.o(i.Mqtt_Publish)
    Mqtt_RecvHandle                          0x08002329   Thumb Code   188  mqtt.o(i.Mqtt_RecvHandle)
    Mqtt_Subscribe                           0x080023e9   Thumb Code   200  mqtt.o(i.Mqtt_Subscribe)
    NMI_Handler                              0x080024b5   Thumb Code     2  stm32f1xx_it.o(i.NMI_Handler)
    Oneline_Read                             0x080024f1   Thumb Code    56  dht11.o(i.Oneline_Read)
    Oneline_Start                            0x0800252d   Thumb Code    94  dht11.o(i.Oneline_Start)
    Oneline_bit                              0x08002595   Thumb Code    90  dht11.o(i.Oneline_bit)
    PendSV_Handler                           0x080025f5   Thumb Code     2  stm32f1xx_it.o(i.PendSV_Handler)
    SVC_Handler                              0x08002621   Thumb Code     2  stm32f1xx_it.o(i.SVC_Handler)
    SysTick_Handler                          0x08002625   Thumb Code    24  systick.o(i.SysTick_Handler)
    SysTick_Init                             0x08002641   Thumb Code    88  systick.o(i.SysTick_Init)
    Sys_Soft_Reset                           0x080026a5   Thumb Code     8  stm32_system.o(i.Sys_Soft_Reset)
    SystemClock_Init                         0x080026b5   Thumb Code    86  stm32_system.o(i.SystemClock_Init)
    SystemInit                               0x0800270d   Thumb Code    70  system_stm32f1xx.o(i.SystemInit)
    System_Init                              0x08002765   Thumb Code    18  stm32_system.o(i.System_Init)
    Tencent_Mqtt_Connect                     0x08002779   Thumb Code    14  tencent_mqtt.o(i.Tencent_Mqtt_Connect)
    Tencent_Mqtt_Init                        0x08002795   Thumb Code   118  tencent_mqtt.o(i.Tencent_Mqtt_Init)
    Tencent_Mqtt_RecvHandle                  0x080028a1   Thumb Code    76  tencent_mqtt.o(i.Tencent_Mqtt_RecvHandle)
    USART1_IRQHandler                        0x08002b85   Thumb Code    40  usart.o(i.USART1_IRQHandler)
    USART1_Init                              0x08002bb9   Thumb Code   180  usart.o(i.USART1_Init)
    USART1_SendByte                          0x08002c81   Thumb Code    22  usart.o(i.USART1_SendByte)
    USART1_Send_Poll                         0x08002c9d   Thumb Code    28  usart.o(i.USART1_Send_Poll)
    USART2_IRQHandler                        0x08002cb9   Thumb Code    40  usart.o(i.USART2_IRQHandler)
    USART2_Init                              0x08002ced   Thumb Code   178  usart.o(i.USART2_Init)
    USART2_SendByte                          0x08002db5   Thumb Code    22  usart.o(i.USART2_SendByte)
    USART2_SendString                        0x08002dd1   Thumb Code    22  usart.o(i.USART2_SendString)
    USART2_Send_Poll                         0x08002de7   Thumb Code    28  usart.o(i.USART2_Send_Poll)
    USART3_IRQHandler                        0x08002e05   Thumb Code    40  usart.o(i.USART3_IRQHandler)
    UsageFault_Handler                       0x08002e39   Thumb Code     4  stm32f1xx_it.o(i.UsageFault_Handler)
    __0printf                                0x08002e3d   Thumb Code    22  printfa.o(i.__0printf)
    __1printf                                0x08002e3d   Thumb Code     0  printfa.o(i.__0printf)
    __2printf                                0x08002e3d   Thumb Code     0  printfa.o(i.__0printf)
    __c89printf                              0x08002e3d   Thumb Code     0  printfa.o(i.__0printf)
    printf                                   0x08002e3d   Thumb Code     0  printfa.o(i.__0printf)
    __0sprintf                               0x08002e5d   Thumb Code    34  printfa.o(i.__0sprintf)
    __1sprintf                               0x08002e5d   Thumb Code     0  printfa.o(i.__0sprintf)
    __2sprintf                               0x08002e5d   Thumb Code     0  printfa.o(i.__0sprintf)
    __c89sprintf                             0x08002e5d   Thumb Code     0  printfa.o(i.__0sprintf)
    sprintf                                  0x08002e5d   Thumb Code     0  printfa.o(i.__0sprintf)
    __scatterload_copy                       0x08002e85   Thumb Code    14  handlers.o(i.__scatterload_copy)
    __scatterload_null                       0x08002e93   Thumb Code     2  handlers.o(i.__scatterload_null)
    __scatterload_zeroinit                   0x08002e95   Thumb Code    14  handlers.o(i.__scatterload_zeroinit)
    base64_decode                            0x08003741   Thumb Code   262  utils_hmac.o(i.base64_decode)
    delay_ms                                 0x0800384d   Thumb Code    24  delay.o(i.delay_ms)
    delay_us                                 0x08003865   Thumb Code    66  delay.o(i.delay_us)
    fputc                                    0x080038a9   Thumb Code    24  usart.o(i.fputc)
    gpio_in                                  0x080038c5   Thumb Code    32  dht11.o(i.gpio_in)
    gpio_out                                 0x080038e9   Thumb Code    34  dht11.o(i.gpio_out)
    main                                     0x08003911   Thumb Code   444  main.o(i.main)
    systick_isr                              0x08003b91   Thumb Code   216  main.o(i.systick_isr)
    utils_hb2hex                             0x08003c99   Thumb Code    24  utils_md5.o(i.utils_hb2hex)
    utils_hmac_sha1                          0x08003cb1   Thumb Code   232  utils_hmac.o(i.utils_hmac_sha1)
    utils_sha1_finish                        0x08003d99   Thumb Code   228  utils_sha1.o(i.utils_sha1_finish)
    utils_sha1_init                          0x08003e81   Thumb Code    14  utils_sha1.o(i.utils_sha1_init)
    utils_sha1_process                       0x08003e91   Thumb Code  6420  utils_sha1.o(i.utils_sha1_process)
    utils_sha1_starts                        0x080057ad   Thumb Code    30  utils_sha1.o(i.utils_sha1_starts)
    utils_sha1_update                        0x080057d9   Thumb Code   124  utils_sha1.o(i.utils_sha1_update)
    AHBPrescTable                            0x08005854   Data          16  system_stm32f1xx.o(.constdata)
    APBPrescTable                            0x08005864   Data           8  system_stm32f1xx.o(.constdata)
    mon_table                                0x0800586c   Data          12  tencent_mqtt.o(.constdata)
    Region$$Table$$Base                      0x08005960   Number         0  anon$$obj.o(Region$$Table)
    Region$$Table$$Limit                     0x08005980   Number         0  anon$$obj.o(Region$$Table)
    SystemCoreClock                          0x20000000   Data           4  system_stm32f1xx.o(.data)
    uwTick                                   0x20000004   Data           4  stm32f1xx_hal.o(.data)
    uwTickPrio                               0x20000008   Data           4  stm32f1xx_hal.o(.data)
    uwTickFreq                               0x2000000c   Data           1  stm32f1xx_hal.o(.data)
    urc_cnt                                  0x20000010   Data           2  main.o(.data)
    ping_cnt                                 0x20000012   Data           2  main.o(.data)
    urc_update                               0x20000014   Data           1  main.o(.data)
    ping_start                               0x20000015   Data           1  main.o(.data)
    connect_ok                               0x20000016   Data           1  main.o(.data)
    sys_cnt                                  0x20000018   Data           2  main.o(.data)
    sys_update_rate                          0x2000001a   Data           2  main.o(.data)
    data_len                                 0x2000001c   Data           2  main.o(.data)
    ctrl_ack                                 0x2000001e   Data           1  main.o(.data)
    flag_DHT11                               0x2000001f   Data           1  main.o(.data)
    humidity                                 0x20000020   Data           4  main.o(.data)
    temperature                              0x20000024   Data           4  main.o(.data)
    hour                                     0x20000028   Data           1  main.o(.data)
    min                                      0x20000029   Data           1  main.o(.data)
    sec                                      0x2000002a   Data           1  main.o(.data)
    SysTick_Info                             0x2000002c   Data           4  systick.o(.data)
    esp_rx_index                             0x20000030   Data           2  esp8266.o(.data)
    esp_recv_len                             0x20000032   Data           2  esp8266.o(.data)
    esp_recv_complete                        0x20000034   Data           2  esp8266.o(.data)
    esp_recv_timeout                         0x20000036   Data           1  esp8266.o(.data)
    esp_connect_ok                           0x20000037   Data           1  esp8266.o(.data)
    esp_airkiss_use                          0x20000038   Data           1  esp8266.o(.data)
    esp_airkiss_start                        0x20000039   Data           1  esp8266.o(.data)
    wifi_mode                                0x2000003c   Data           8  esp8266.o(.data)
    crc                                      0x20000044   Data           1  dht11.o(.data)
    dht11                                    0x20000048   Data           8  dht11.o(.data)
    error                                    0x20000050   Data           1  dht11.o(.data)
    base64char                               0x20000054   Data           4  utils_hmac.o(.data)
    __stdout                                 0x20000058   Data           4  stdout.o(.data)
    iot_send_buff                            0x2000005c   Data         512  main.o(.bss)
    Usart_ISR                                0x2000025c   Data          24  usart.o(.bss)
    Uart1_Handle                             0x20000274   Data          64  usart.o(.bss)
    Uart2_Handle                             0x200002b4   Data          64  usart.o(.bss)
    Uart3_Handle                             0x200002f4   Data          64  usart.o(.bss)
    esp_recv_buff                            0x20000334   Data        1024  esp8266.o(.bss)
    mqtt_info                                0x20000734   Data        1292  mqtt.o(.bss)
    ClientID                                 0x20000c40   Data         128  tencent_mqtt.o(.bss)
    Username                                 0x20000cc0   Data         128  tencent_mqtt.o(.bss)
    Passward                                 0x20000d40   Data         128  tencent_mqtt.o(.bss)
    Server_Addr                              0x20000dc0   Data         128  tencent_mqtt.o(.bss)
    __initial_sp                             0x20001240   Data           0  startup_stm32f103xb.o(STACK)



==============================================================================

Memory Map of the image

  Image Entry point : 0x080000ed

  Load Region LR_IROM1 (Base: 0x08000000, Size: 0x000059dc, Max: 0x00010000, ABSOLUTE)

    Execution Region ER_IROM1 (Base: 0x08000000, Size: 0x00005980, Max: 0x00010000, ABSOLUTE)

    Base Addr    Size         Type   Attr      Idx    E Section Name        Object

    0x08000000   0x000000ec   Data   RO            3    RESET               startup_stm32f103xb.o
    0x080000ec   0x00000000   Code   RO         5339  * .ARM.Collect$$$$00000000  mc_w.l(entry.o)
    0x080000ec   0x00000004   Code   RO         5627    .ARM.Collect$$$$00000001  mc_w.l(entry2.o)
    0x080000f0   0x00000004   Code   RO         5630    .ARM.Collect$$$$00000004  mc_w.l(entry5.o)
    0x080000f4   0x00000000   Code   RO         5632    .ARM.Collect$$$$00000008  mc_w.l(entry7b.o)
    0x080000f4   0x00000000   Code   RO         5634    .ARM.Collect$$$$0000000A  mc_w.l(entry8b.o)
    0x080000f4   0x00000008   Code   RO         5635    .ARM.Collect$$$$0000000B  mc_w.l(entry9a.o)
    0x080000fc   0x00000000   Code   RO         5637    .ARM.Collect$$$$0000000D  mc_w.l(entry10a.o)
    0x080000fc   0x00000000   Code   RO         5639    .ARM.Collect$$$$0000000F  mc_w.l(entry11a.o)
    0x080000fc   0x00000004   Code   RO         5628    .ARM.Collect$$$$00002712  mc_w.l(entry2.o)
    0x08000100   0x00000024   Code   RO            4    .text               startup_stm32f103xb.o
    0x08000124   0x00000020   Code   RO         5342    .text               mc_w.l(llushr.o)
    0x08000144   0x00000024   Code   RO         5344    .text               mc_w.l(memcpya.o)
    0x08000168   0x00000024   Code   RO         5346    .text               mc_w.l(memseta.o)
    0x0800018c   0x00000018   Code   RO         5348    .text               mc_w.l(strcat.o)
    0x080001a4   0x00000024   Code   RO         5350    .text               mc_w.l(strstr.o)
    0x080001c8   0x0000000e   Code   RO         5352    .text               mc_w.l(strlen.o)
    0x080001d6   0x000000b0   Code   RO         5617    .text               mf_w.l(fadd.o)
    0x08000286   0x0000007c   Code   RO         5619    .text               mf_w.l(fdiv.o)
    0x08000302   0x0000000a   Code   RO         5621    .text               mf_w.l(ffltui.o)
    0x0800030c   0x00000032   Code   RO         5623    .text               mf_w.l(ffixi.o)
    0x0800033e   0x00000026   Code   RO         5625    .text               mf_w.l(f2d.o)
    0x08000364   0x0000002c   Code   RO         5642    .text               mc_w.l(uidiv.o)
    0x08000390   0x00000062   Code   RO         5644    .text               mc_w.l(uldiv.o)
    0x080003f2   0x00000000   Code   RO         5646    .text               mc_w.l(iusefp.o)
    0x080003f2   0x0000006e   Code   RO         5647    .text               mf_w.l(fepilogue.o)
    0x08000460   0x0000014e   Code   RO         5649    .text               mf_w.l(dadd.o)
    0x080005ae   0x000000e4   Code   RO         5651    .text               mf_w.l(dmul.o)
    0x08000692   0x000000de   Code   RO         5653    .text               mf_w.l(ddiv.o)
    0x08000770   0x00000030   Code   RO         5655    .text               mf_w.l(dfixul.o)
    0x080007a0   0x00000030   Code   RO         5657    .text               mf_w.l(cdrcmple.o)
    0x080007d0   0x00000024   Code   RO         5659    .text               mc_w.l(init.o)
    0x080007f4   0x0000001e   Code   RO         5661    .text               mc_w.l(llshl.o)
    0x08000812   0x00000024   Code   RO         5663    .text               mc_w.l(llsshr.o)
    0x08000836   0x000000ba   Code   RO         5665    .text               mf_w.l(depilogue.o)
    0x080008f0   0x00000004   Code   RO           10    i.BusFault_Handler  stm32f1xx_it.o
    0x080008f4   0x0000000c   Code   RO         4891    i.DHT11_Init        dht11.o
    0x08000900   0x00000084   Code   RO         4892    i.DHT11_Read        dht11.o
    0x08000984   0x000000a4   Code   RO         5038    i.DateTime_To_Sec   tencent_mqtt.o
    0x08000a28   0x00000002   Code   RO           11    i.DebugMon_Handler  stm32f1xx_it.o
    0x08000a2a   0x00000002   PAD
    0x08000a2c   0x00000368   Code   RO         4793    i.ESP_Client_ConnectServer  esp8266.o
    0x08000d94   0x00000050   Code   RO         4794    i.ESP_Cmd_Send      esp8266.o
    0x08000de4   0x00000020   Code   RO         4795    i.ESP_Data_Send_FixedLen  esp8266.o
    0x08000e04   0x00000060   Code   RO         4796    i.ESP_HardReset     esp8266.o
    0x08000e64   0x00000068   Code   RO         4797    i.ESP_Init          esp8266.o
    0x08000ecc   0x00000030   Code   RO         4798    i.ESP_RX_ISR        esp8266.o
    0x08000efc   0x00000024   Code   RO         4799    i.ESP_RecvBuff_Clear  esp8266.o
    0x08000f20   0x000000c4   Code   RO         4470    i.ESP_RecvProcess   main.o
    0x08000fe4   0x00000010   Code   RO         4800    i.ESP_Send          esp8266.o
    0x08000ff4   0x00000054   Code   RO         4801    i.ESP_Smartconfig_Check  esp8266.o
    0x08001048   0x0000000c   Code   RO         4802    i.ESP_UartSend      esp8266.o
    0x08001054   0x0000002a   Code   RO         4803    i.ESP_str_find      esp8266.o
    0x0800107e   0x00000030   Code   RO         4804    i.ESP_strstr        esp8266.o
    0x080010ae   0x00000002   PAD
    0x080010b0   0x000000b0   Code   RO          868    i.HAL_DMA_Abort_IT  stm32f1xx_hal_dma.o
    0x08001160   0x00000028   Code   RO          207    i.HAL_Delay         stm32f1xx_hal.o
    0x08001188   0x00000320   Code   RO         1209    i.HAL_GPIO_Init     stm32f1xx_hal_gpio.o
    0x080014a8   0x00000010   Code   RO         1211    i.HAL_GPIO_ReadPin  stm32f1xx_hal_gpio.o
    0x080014b8   0x00000014   Code   RO         1212    i.HAL_GPIO_TogglePin  stm32f1xx_hal_gpio.o
    0x080014cc   0x0000000c   Code   RO         1213    i.HAL_GPIO_WritePin  stm32f1xx_hal_gpio.o
    0x080014d8   0x0000000c   Code   RO          211    i.HAL_GetTick       stm32f1xx_hal.o
    0x080014e4   0x00000018   Code   RO          217    i.HAL_IncTick       stm32f1xx_hal.o
    0x080014fc   0x00000028   Code   RO          218    i.HAL_Init          stm32f1xx_hal.o
    0x08001524   0x0000004c   Code   RO          219    i.HAL_InitTick      stm32f1xx_hal.o
    0x08001570   0x00000002   Code   RO          221    i.HAL_MspInit       stm32f1xx_hal.o
    0x08001572   0x0000001a   Code   RO          692    i.HAL_NVIC_EnableIRQ  stm32f1xx_hal_cortex.o
    0x0800158c   0x0000007c   Code   RO          698    i.HAL_NVIC_SetPriority  stm32f1xx_hal_cortex.o
    0x08001608   0x00000028   Code   RO          699    i.HAL_NVIC_SetPriorityGrouping  stm32f1xx_hal_cortex.o
    0x08001630   0x0000018c   Code   RO         1979    i.HAL_RCC_ClockConfig  stm32f1xx_hal_rcc.o
    0x080017bc   0x0000000c   Code   RO         1984    i.HAL_RCC_GetHCLKFreq  stm32f1xx_hal_rcc.o
    0x080017c8   0x00000020   Code   RO         1986    i.HAL_RCC_GetPCLK1Freq  stm32f1xx_hal_rcc.o
    0x080017e8   0x00000020   Code   RO         1987    i.HAL_RCC_GetPCLK2Freq  stm32f1xx_hal_rcc.o
    0x08001808   0x00000094   Code   RO         1988    i.HAL_RCC_GetSysClockFreq  stm32f1xx_hal_rcc.o
    0x0800189c   0x00000464   Code   RO         1991    i.HAL_RCC_OscConfig  stm32f1xx_hal_rcc.o
    0x08001d00   0x00000002   Code   RO         4603    i.HAL_SYSTICK_Callback  systick.o
    0x08001d02   0x00000034   Code   RO          703    i.HAL_SYSTICK_Config  stm32f1xx_hal_cortex.o
    0x08001d36   0x00000008   Code   RO          704    i.HAL_SYSTICK_IRQHandler  stm32f1xx_hal_cortex.o
    0x08001d3e   0x00000002   Code   RO         3564    i.HAL_UART_ErrorCallback  stm32f1xx_hal_uart.o
    0x08001d40   0x00000154   Code   RO         3567    i.HAL_UART_IRQHandler  stm32f1xx_hal_uart.o
    0x08001e94   0x00000072   Code   RO         3568    i.HAL_UART_Init     stm32f1xx_hal_uart.o
    0x08001f06   0x00000002   Code   RO         3570    i.HAL_UART_MspInit  stm32f1xx_hal_uart.o
    0x08001f08   0x00000002   Code   RO         3574    i.HAL_UART_RxCpltCallback  stm32f1xx_hal_uart.o
    0x08001f0a   0x00000002   PAD
    0x08001f0c   0x00000058   Code   RO         4649    i.HAL_UART_TxCpltCallback  usart.o
    0x08001f64   0x00000008   Code   RO           12    i.HardFault_Handler  stm32f1xx_it.o
    0x08001f6c   0x0000003a   Code   RO         5039    i.IsLeapYear        tencent_mqtt.o
    0x08001fa6   0x00000002   PAD
    0x08001fa8   0x00000020   Code   RO         4555    i.LED_Close         led.o
    0x08001fc8   0x00000050   Code   RO         4557    i.LED_Init          led.o
    0x08002018   0x00000020   Code   RO         4558    i.LED_Open          led.o
    0x08002038   0x0000001c   Code   RO         4559    i.LED_Toggle        led.o
    0x08002054   0x00000004   Code   RO           13    i.MemManage_Handler  stm32f1xx_it.o
    0x08002058   0x00000180   Code   RO         4957    i.Mqtt_Connect      mqtt.o
    0x080021d8   0x00000014   Code   RO         4959    i.Mqtt_Init         mqtt.o
    0x080021ec   0x00000030   Code   RO         4960    i.Mqtt_Ping         mqtt.o
    0x0800221c   0x0000010c   Code   RO         4962    i.Mqtt_Publish      mqtt.o
    0x08002328   0x000000c0   Code   RO         4963    i.Mqtt_RecvHandle   mqtt.o
    0x080023e8   0x000000cc   Code   RO         4964    i.Mqtt_Subscribe    mqtt.o
    0x080024b4   0x00000002   Code   RO           14    i.NMI_Handler       stm32f1xx_it.o
    0x080024b6   0x00000002   PAD
    0x080024b8   0x00000010   Code   RO          705    i.NVIC_GetPriorityGrouping  stm32f1xx_hal_cortex.o
    0x080024c8   0x00000028   Code   RO          706    i.NVIC_SetPriority  stm32f1xx_hal_cortex.o
    0x080024f0   0x0000003c   Code   RO         4893    i.Oneline_Read      dht11.o
    0x0800252c   0x00000068   Code   RO         4894    i.Oneline_Start     dht11.o
    0x08002594   0x00000060   Code   RO         4895    i.Oneline_bit       dht11.o
    0x080025f4   0x00000002   Code   RO           15    i.PendSV_Handler    stm32f1xx_it.o
    0x080025f6   0x00000002   PAD
    0x080025f8   0x00000028   Code   RO         1992    i.RCC_Delay         stm32f1xx_hal_rcc.o
    0x08002620   0x00000002   Code   RO           16    i.SVC_Handler       stm32f1xx_it.o
    0x08002622   0x00000002   PAD
    0x08002624   0x0000001c   Code   RO         4604    i.SysTick_Handler   systick.o
    0x08002640   0x00000064   Code   RO         4605    i.SysTick_Init      systick.o
    0x080026a4   0x00000010   Code   RO         4380    i.Sys_Soft_Reset    stm32_system.o
    0x080026b4   0x00000056   Code   RO         4381    i.SystemClock_Init  stm32_system.o
    0x0800270a   0x00000002   PAD
    0x0800270c   0x00000058   Code   RO           72    i.SystemInit        system_stm32f1xx.o
    0x08002764   0x00000012   Code   RO         4382    i.System_Init       stm32_system.o
    0x08002776   0x00000002   PAD
    0x08002778   0x0000001c   Code   RO         5040    i.Tencent_Mqtt_Connect  tencent_mqtt.o
    0x08002794   0x0000010c   Code   RO         5041    i.Tencent_Mqtt_Init  tencent_mqtt.o
    0x080028a0   0x00000094   Code   RO         5042    i.Tencent_Mqtt_RecvHandle  tencent_mqtt.o
    0x08002934   0x00000014   Code   RO         3581    i.UART_DMAAbortOnError  stm32f1xx_hal_uart.o
    0x08002948   0x00000020   Code   RO         3591    i.UART_EndRxTransfer  stm32f1xx_hal_uart.o
    0x08002968   0x00000020   Code   RO         3592    i.UART_EndTransmit_IT  stm32f1xx_hal_uart.o
    0x08002988   0x000000a0   Code   RO         3594    i.UART_Receive_IT   stm32f1xx_hal_uart.o
    0x08002a28   0x000000fc   Code   RO         3595    i.UART_SetConfig    stm32f1xx_hal_uart.o
    0x08002b24   0x00000060   Code   RO         3596    i.UART_Transmit_IT  stm32f1xx_hal_uart.o
    0x08002b84   0x00000034   Code   RO         4650    i.USART1_IRQHandler  usart.o
    0x08002bb8   0x000000c8   Code   RO         4651    i.USART1_Init       usart.o
    0x08002c80   0x0000001c   Code   RO         4653    i.USART1_SendByte   usart.o
    0x08002c9c   0x0000001c   Code   RO         4655    i.USART1_Send_Poll  usart.o
    0x08002cb8   0x00000034   Code   RO         4656    i.USART2_IRQHandler  usart.o
    0x08002cec   0x000000c8   Code   RO         4657    i.USART2_Init       usart.o
    0x08002db4   0x0000001c   Code   RO         4659    i.USART2_SendByte   usart.o
    0x08002dd0   0x00000016   Code   RO         4660    i.USART2_SendString  usart.o
    0x08002de6   0x0000001c   Code   RO         4661    i.USART2_Send_Poll  usart.o
    0x08002e02   0x00000002   PAD
    0x08002e04   0x00000034   Code   RO         4662    i.USART3_IRQHandler  usart.o
    0x08002e38   0x00000004   Code   RO           17    i.UsageFault_Handler  stm32f1xx_it.o
    0x08002e3c   0x00000020   Code   RO         5589    i.__0printf         mc_w.l(printfa.o)
    0x08002e5c   0x00000028   Code   RO         5591    i.__0sprintf        mc_w.l(printfa.o)
    0x08002e84   0x0000000e   Code   RO         5669    i.__scatterload_copy  mc_w.l(handlers.o)
    0x08002e92   0x00000002   Code   RO         5670    i.__scatterload_null  mc_w.l(handlers.o)
    0x08002e94   0x0000000e   Code   RO         5671    i.__scatterload_zeroinit  mc_w.l(handlers.o)
    0x08002ea2   0x00000002   PAD
    0x08002ea4   0x00000164   Code   RO         5596    i._fp_digits        mc_w.l(printfa.o)
    0x08003008   0x000006dc   Code   RO         5597    i._printf_core      mc_w.l(printfa.o)
    0x080036e4   0x00000024   Code   RO         5598    i._printf_post_padding  mc_w.l(printfa.o)
    0x08003708   0x0000002e   Code   RO         5599    i._printf_pre_padding  mc_w.l(printfa.o)
    0x08003736   0x0000000a   Code   RO         5601    i._sputc            mc_w.l(printfa.o)
    0x08003740   0x0000010c   Code   RO         5094    i.base64_decode     utils_hmac.o
    0x0800384c   0x00000018   Code   RO         4431    i.delay_ms          delay.o
    0x08003864   0x00000042   Code   RO         4433    i.delay_us          delay.o
    0x080038a6   0x00000002   PAD
    0x080038a8   0x0000001c   Code   RO         4668    i.fputc             usart.o
    0x080038c4   0x00000024   Code   RO         4896    i.gpio_in           dht11.o
    0x080038e8   0x00000028   Code   RO         4897    i.gpio_out          dht11.o
    0x08003910   0x00000280   Code   RO         4471    i.main              main.o
    0x08003b90   0x00000108   Code   RO         4472    i.systick_isr       main.o
    0x08003c98   0x00000018   Code   RO         5151    i.utils_hb2hex      utils_md5.o
    0x08003cb0   0x000000e8   Code   RO         5096    i.utils_hmac_sha1   utils_hmac.o
    0x08003d98   0x000000e8   Code   RO         5219    i.utils_sha1_finish  utils_sha1.o
    0x08003e80   0x0000000e   Code   RO         5221    i.utils_sha1_init   utils_sha1.o
    0x08003e8e   0x00000002   PAD
    0x08003e90   0x0000191c   Code   RO         5222    i.utils_sha1_process  utils_sha1.o
    0x080057ac   0x0000002c   Code   RO         5223    i.utils_sha1_starts  utils_sha1.o
    0x080057d8   0x0000007c   Code   RO         5224    i.utils_sha1_update  utils_sha1.o
    0x08005854   0x00000018   Data   RO           73    .constdata          system_stm32f1xx.o
    0x0800586c   0x0000000c   Data   RO         5044    .constdata          tencent_mqtt.o
    0x08005878   0x00000040   Data   RO         5226    .constdata          utils_sha1.o
    0x080058b8   0x0000005b   Data   RO         4474    .conststring        main.o
    0x08005913   0x00000001   PAD
    0x08005914   0x00000008   Data   RO         4806    .conststring        esp8266.o
    0x0800591c   0x00000041   Data   RO         5098    .conststring        utils_hmac.o
    0x0800595d   0x00000003   PAD
    0x08005960   0x00000020   Data   RO         5667    Region$$Table       anon$$obj.o


    Execution Region RW_IRAM1 (Base: 0x20000000, Size: 0x00001240, Max: 0x00005000, ABSOLUTE)

    Base Addr    Size         Type   Attr      Idx    E Section Name        Object

    0x20000000   0x00000004   Data   RW           74    .data               system_stm32f1xx.o
    0x20000004   0x00000009   Data   RW          225    .data               stm32f1xx_hal.o
    0x2000000d   0x00000003   PAD
    0x20000010   0x0000001b   Data   RW         4475    .data               main.o
    0x2000002b   0x00000001   PAD
    0x2000002c   0x00000004   Data   RW         4606    .data               systick.o
    0x20000030   0x00000014   Data   RW         4807    .data               esp8266.o
    0x20000044   0x0000000d   Data   RW         4898    .data               dht11.o
    0x20000051   0x00000003   PAD
    0x20000054   0x00000004   Data   RW         5099    .data               utils_hmac.o
    0x20000058   0x00000004   Data   RW         5641    .data               mc_w.l(stdout.o)
    0x2000005c   0x00000200   Zero   RW         4473    .bss                main.o
    0x2000025c   0x000000d8   Zero   RW         4669    .bss                usart.o
    0x20000334   0x00000400   Zero   RW         4805    .bss                esp8266.o
    0x20000734   0x0000050c   Zero   RW         4966    .bss                mqtt.o
    0x20000c40   0x00000200   Zero   RW         5043    .bss                tencent_mqtt.o
    0x20000e40   0x00000400   Zero   RW            1    STACK               startup_stm32f103xb.o


==============================================================================

Image component sizes


      Code (inc. data)   RO Data    RW Data    ZI Data      Debug   Object Name

        90          0          0          0          0       1150   delay.o
       480         42          0         13          0       4910   dht11.o
      1470        562          8         20       1024       8726   esp8266.o
       172         24          0          0          0       2359   led.o
      1100        328         91         27        512       4112   main.o
      1116         30          0          0       1292       6601   mqtt.o
        36          8        236          0       1024        808   startup_stm32f103xb.o
       120          8          0          0          0       2838   stm32_system.o
       194         36          0          9          0       6327   stm32f1xx_hal.o
       306         22          0          0          0      26616   stm32f1xx_hal_cortex.o
       176          4          0          0          0       1071   stm32f1xx_hal_dma.o
       848         34          0          0          0       3892   stm32f1xx_hal_gpio.o
      1784        110          0          0          0       5960   stm32f1xx_hal_rcc.o
      1052         10          0          0          0       7360   stm32f1xx_hal_uart.o
        28          0          0          0          0       4984   stm32f1xx_it.o
        88         18         24          4          0     391447   system_stm32f1xx.o
       130         16          0          4          0      24458   systick.o
       666        252         12          0        512       4250   tencent_mqtt.o
       806        112          0          0        216       8483   usart.o
       500          6         65          4          0       3875   utils_hmac.o
        24          0          0          0          0        523   utils_md5.o
      6842         40         64          0          0       5799   utils_sha1.o

    ----------------------------------------------------------------------
     18052       1662        536         88       4580     526549   Object Totals
         0          0         32          0          0          0   (incl. Generated)
        24          0          4          7          0          0   (incl. Padding)

    ----------------------------------------------------------------------

      Code (inc. data)   RO Data    RW Data    ZI Data      Debug   Library Member Name

         0          0          0          0          0          0   entry.o
         0          0          0          0          0          0   entry10a.o
         0          0          0          0          0          0   entry11a.o
         8          4          0          0          0          0   entry2.o
         4          0          0          0          0          0   entry5.o
         0          0          0          0          0          0   entry7b.o
         0          0          0          0          0          0   entry8b.o
         8          4          0          0          0          0   entry9a.o
        30          0          0          0          0          0   handlers.o
        36          8          0          0          0         68   init.o
         0          0          0          0          0          0   iusefp.o
        30          0          0          0          0         68   llshl.o
        36          0          0          0          0         68   llsshr.o
        32          0          0          0          0         68   llushr.o
        36          0          0          0          0         68   memcpya.o
        36          0          0          0          0        108   memseta.o
      2276         96          0          0          0        596   printfa.o
         0          0          0          4          0          0   stdout.o
        24          0          0          0          0         68   strcat.o
        14          0          0          0          0         68   strlen.o
        36          0          0          0          0         80   strstr.o
        44          0          0          0          0         80   uidiv.o
        98          0          0          0          0         92   uldiv.o
        48          0          0          0          0         68   cdrcmple.o
       334          0          0          0          0        148   dadd.o
       222          0          0          0          0        100   ddiv.o
       186          0          0          0          0        176   depilogue.o
        48          0          0          0          0         68   dfixul.o
       228          0          0          0          0         96   dmul.o
        38          0          0          0          0         68   f2d.o
       176          0          0          0          0        140   fadd.o
       124          0          0          0          0         88   fdiv.o
       110          0          0          0          0        168   fepilogue.o
        50          0          0          0          0         68   ffixi.o
        10          0          0          0          0         68   ffltui.o

    ----------------------------------------------------------------------
      4324        112          0          4          0       2688   Library Totals
         2          0          0          0          0          0   (incl. Padding)

    ----------------------------------------------------------------------

      Code (inc. data)   RO Data    RW Data    ZI Data      Debug   Library Name

      2748        112          0          4          0       1432   mc_w.l
      1574          0          0          0          0       1256   mf_w.l

    ----------------------------------------------------------------------
      4324        112          0          4          0       2688   Library Totals

    ----------------------------------------------------------------------

==============================================================================


      Code (inc. data)   RO Data    RW Data    ZI Data      Debug   

     22376       1774        536         92       4580     522473   Grand Totals
     22376       1774        536         92       4580     522473   ELF Image Totals
     22376       1774        536         92          0          0   ROM Totals

==============================================================================

    Total RO  Size (Code + RO Data)                22912 (  22.38kB)
    Total RW  Size (RW Data + ZI Data)              4672 (   4.56kB)
    Total ROM Size (Code + RO Data + RW Data)      23004 (  22.46kB)

==============================================================================

