<html>
<body>
<pre>
<h1>µVision Build Log</h1>
<h2>Tool Versions:</h2>
IDE-Version: ¦ÌVision V5.14.0.0
Copyright (C) 2015 ARM Ltd and ARM Germany GmbH. All rights reserved.
License Information: 1 PhD#Chen, 1, LIC=FYKYW-QX4T5-KPGZY-IPHU8-ZWPZ3-LK2MZ
 
Tool Versions:
Toolchain:       MDK-ARM Standard  Version: 5.14.0.0
Toolchain Path:  D:\App\MDK5\ARM\ARMCC\Bin
C Compiler:      Armcc.exe V5.05 update 1 (build 106)
Assembler:       Armasm.exe V5.05 update 1 (build 106)
Linker/Locator:  ArmLink.exe V5.05 update 1 (build 106)
Library Manager: ArmAr.exe V5.05 update 1 (build 106)
Hex Converter:   FromElf.exe V5.05 update 1 (build 106)
CPU DLL:         SARMCM3.DLL V5.14.0.0
Dialog DLL:      DARMSTM.DLL V1.65.0.0
Target DLL:      STLink\ST-LINKIII-KEIL_SWO.dll V2.0.14.0_KEIL
Dialog DLL:      TARMSTM.DLL V1.64.0.0
 
<h2>Project:</h2>
C:\Users\PhD#Chen\Desktop\ÌÚÑ¶ÔÆ£¨ESP8266£©\ÌÚÑ¶ÔÆ£¨ESP8266£©\MDK\Project.uvprojx
Project File Date:  03/16/2023

<h2>Output:</h2>
Build target 'STM32F1'
compiling main.c...
..\BSP\DHT11\DHT11.h(21): warning:  #1295-D: Deprecated declaration DHT11_Init - give arg types
  void DHT11_Init();
..\BSP\DHT11\DHT11.h(22): warning:  #1295-D: Deprecated declaration DHT11_Read - give arg types
  void DHT11_Read();
..\BSP\DHT11\DHT11.h(23): warning:  #1295-D: Deprecated declaration Oneline_Start - give arg types
  u8 Oneline_Start();
..\User\main.c: 3 warnings, 0 errors
linking...
Program Size: Code=22376 RO-data=536 RW-data=92 ZI-data=4580  
FromELF: creating hex file...
".\Objects\4G_CAT1.axf" - 0 Error(s), 3 Warning(s).

<h2>Collection of Component include folders:</h2>
  C:\Users\PhD#Chen\Desktop\ÌÚÑ¶ÔÆ£¨ESP8266£©\ÌÚÑ¶ÔÆ£¨ESP8266£©\MDK\RTE
  D:\App\MDK5\ARM\PACK\Keil\STM32F1xx_DFP\2.2.0

<h2>Collection of Component Files used:</h2>
</pre>
</body>
</html>
